21:50:12.052 [main] INFO  c.h.lifecycle.HomeSynapseCore -- lifecycle.integration_schema_registered: type=zigbee stage=pre-load
21:50:12.191 [main] INFO  c.h.c.StandardConfigurationService -- Configuration loaded: schema=1.0 sections=5 issues=0
21:50:12.204 [main] WARN  c.h.p.SqlitePersistenceLifecycle -- Database is on removable storage (/dev/mmcblk0p2). SD card storage is not recommended for production use — database corruption and performance degradation are common. See https://homesynapse.com/docs/storage for recommended configurations.
21:50:12.206 [main] INFO  c.h.persistence.DatabaseExecutor -- Starting DatabaseExecutor: path=/home/homesynapse/hs-bench/data/homesynapse-events.db readThreads=2
21:50:12.359 [main] INFO  c.h.persistence.DatabaseExecutor -- Existing database detected — skipping creation-time PRAGMAs
21:50:12.366 [main] INFO  c.h.persistence.MigrationRunner -- Migration run starting: path=db/migration/events files=5
21:50:12.382 [main] WARN  c.h.persistence.MigrationRunner -- Skipping already-applied migration: version=1 description='initial event store schema'
21:50:12.382 [main] WARN  c.h.persistence.MigrationRunner -- Skipping already-applied migration: version=2 description='subscriber dead letter queue'
21:50:12.382 [main] WARN  c.h.persistence.MigrationRunner -- Skipping already-applied migration: version=3 description='add snapshots and drop redundant index'
21:50:12.382 [main] WARN  c.h.persistence.MigrationRunner -- Skipping already-applied migration: version=4 description='dlq operational indices'
21:50:12.382 [main] WARN  c.h.persistence.MigrationRunner -- Skipping already-applied migration: version=5 description='at rest payload encryption columns'
21:50:12.382 [main] INFO  c.h.persistence.MigrationRunner -- Migration run complete: applied=0 skipped=5 duration=15ms
21:50:12.387 [main] INFO  c.h.persistence.DatabaseExecutor -- DatabaseExecutor started: path=/home/homesynapse/hs-bench/data/homesynapse-events.db
21:50:12.391 [main] INFO  c.h.persistence.EventTypeRegistry -- EventTypeRegistry initialized with 55 event types
21:50:13.042 [main] INFO  c.h.persistence.JacksonWarmup -- JacksonWarmup pre-populated 55 event type(s)
21:50:13.105 [main] INFO  c.h.persistence.SqliteStateStore -- Loaded 7 entities from checkpoint for view state_projection at position 201118; projectionVersion=5
21:50:13.106 [main] INFO  c.h.p.SqlitePersistenceLifecycle -- Persistence layer started: database=/home/homesynapse/hs-bench/data/homesynapse-events.db, profile=HOME, readThreads=2
21:50:13.169 [hs-sub-state_projection] INFO  c.homesynapse.state.StateProjection -- StateProjection state_projection caught up at position 201119; projection.replay.duration_ms=9 events_replayed=1
21:50:16.171 [hs-sub-registry_projection] INFO  c.h.l.RegistryProjectionSubscriber -- registry.projection_live: devices=7 entities=7 position=200974
21:50:16.189 [main] INFO  c.h.a.CompanionAutomationIdentityStore -- automation.identity_loaded: path=/home/homesynapse/hs-bench/config/automations.ids.yaml automations=1 triggers=1 first_boot=false
21:50:16.237 [main] INFO  c.h.a.CompanionAutomationIdentityStore -- automation.identity_load_ended: path=/home/homesynapse/hs-bench/config/automations.ids.yaml automations=1 touched=1 minted=0 triggers_minted=0 retired=0 written=true
21:50:16.470 [main] INFO  io.javalin.Javalin -- Starting Javalin ...
21:50:16.472 [main] INFO  org.eclipse.jetty.server.Server -- jetty-11.0.25; built: 2025-03-13T00:15:57.301Z; git: a2e9fae3ad8320f2a713d4fa29bba356a99d1295; jvm 21.0.11+10-LTS
21:50:16.522 [main] INFO  o.e.j.s.s.DefaultSessionIdManager -- Session workerName=node0
21:50:16.537 [main] INFO  o.e.j.server.handler.ContextHandler -- Started o.e.j.s.ServletContextHandler@43d38654{/,null,AVAILABLE}
21:50:16.545 [main] INFO  o.e.jetty.server.AbstractConnector -- Started ServerConnector@670ce331{HTTP/1.1, (http/1.1)}{127.0.0.1:7070}
21:50:16.556 [main] INFO  org.eclipse.jetty.server.Server -- Started Server@756b58a7{STARTING}[11.0.25,sto=0] @5187ms
21:50:16.556 [main] INFO  io.javalin.Javalin -- Javalin started in 163ms \o/
21:50:16.575 [main] INFO  io.javalin.Javalin -- Static file handler added: StaticFileConfig(hostedPath=/dashboard, directory=/dashboard, location=CLASSPATH, precompress=false, aliasCheck=null, headers={Cache-Control=max-age=0}, skipFileFunction=Function1<jakarta.servlet.http.HttpServletRequest, java.lang.Boolean>, mimeTypes={}, roles=[]). File system location: 'jar:file:/home/homesynapse/homesynapse-core/app/homesynapse-app/build/install/homesynapse-app/lib/dashboard-0.1.0-SNAPSHOT.jar!/dashboard'
21:50:16.581 [main] INFO  io.javalin.Javalin -- Listening on http://127.0.0.1:7070/
21:50:16.592 [main] INFO  io.javalin.Javalin -- You are running Javalin 6.7.0 (released June 22, 2025. Your Javalin version is 460 days old. Consider checking for a newer version.).
21:50:16.592 [main] INFO  c.h.lifecycle.HomeSynapseCore -- HTTP surface exposed on 127.0.0.1:7070 behind bearer-token auth (AB-1, C1 closed); loopback-default bindHost=127.0.0.1
21:50:16.648 [integration-supervisor-start] INFO  c.h.i.zigbee.ZigbeeDeviceCache -- zigbee.device_cache_loaded: 9 devices from /home/homesynapse/hs-bench/data/zigbee/zigbee-devices.json
21:50:16.653 [integration-supervisor-start] INFO  c.h.i.zigbee.ZigbeeAdoptionSlice -- zigbee.device_relinked: device=0x449FDAFFFE688F57 deviceId=01KY12MQVQ204M1VP39F1ZDM33 — re-pairing, no new adoption
21:50:16.654 [integration-supervisor-start] INFO  c.h.i.zigbee.ZigbeeAdoptionSlice -- zigbee.device_relinked: device=0xF044D3FFFE1C1E8E deviceId=01KXW13WEGRCT5C0XSQT8WZBG9 — re-pairing, no new adoption
21:50:16.655 [integration-supervisor-start] INFO  c.h.i.zigbee.ZigbeeAdoptionSlice -- zigbee.device_relinked: device=0xF044D3FFFE9C78D7 deviceId=01KX1PB9A5931A8G0F0X03QXT2 — re-pairing, no new adoption
21:50:16.655 [integration-supervisor-start] INFO  c.h.i.zigbee.ZigbeeAdoptionSlice -- zigbee.device_relinked: device=0x00178801101A09BB deviceId=01KX1PA4GRZHY2GD37B5CFVQHY — re-pairing, no new adoption
21:50:16.656 [integration-supervisor-start] INFO  c.h.i.zigbee.ZigbeeAdoptionSlice -- zigbee.device_relinked: device=0x4CE175B4C0700000 deviceId=01M3DM74RKEQ9H05PAATBMW2MW — re-pairing, no new adoption
21:50:16.656 [integration-supervisor-start] INFO  c.h.i.zigbee.ZigbeeAdoptionSlice -- zigbee.device_relinked: device=0x00124B002FA8D1C5 deviceId=01KXW1W1RR66GV98D9QDPB4VXY — re-pairing, no new adoption
21:50:16.656 [integration-supervisor-start] INFO  c.h.i.zigbee.ZigbeeAdoptionSlice -- zigbee.device_relinked: device=0xF044D3FFFED2A201 deviceId=01KXW0156Z1GJ3WCV2G516AKWS — re-pairing, no new adoption
21:50:16.657 [integration-supervisor-start] INFO  c.h.i.z.ZigbeeIntegrationAdapter -- zigbee.adoption_maps_rehydrated: devices=7
21:50:16.667 [integration-supervisor-start] INFO  c.h.i.z.ZigbeeIntegrationAdapter -- zigbee.availability_seeded: devices=9 from_sidecar=9 unknown=0
21:50:16.673 [integration-supervisor-start] INFO  c.h.i.z.ZigbeeIntegrationAdapter -- zigbee.learned_zonetypes_rehydrated: count=2
21:50:16.673 [integration-supervisor-start] INFO  c.h.i.z.ZigbeeIntegrationAdapter -- zigbee.learned_metering_formatting_rehydrated: count=1
21:50:16.679 [integration-supervisor-start] INFO  c.h.i.z.ZigbeeIntegrationAdapter -- zigbee.initialized: integration_id=6V1CMGY2HKF4H1FGZ4H7F257FS data_dir=/home/homesynapse/hs-bench/data/zigbee mode=production
21:50:16.680 [integration-supervisor-start] INFO  c.h.i.r.StandardIntegrationSupervisor -- integration.launched: integration_id=6V1CMGY2HKF4H1FGZ4H7F257FS integration_type=zigbee io_type=SERIAL
21:50:16.791 [main] INFO  c.h.lifecycle.HomeSynapseCore -- HomeSynapseCore RUNNING: db=/home/homesynapse/hs-bench/data/homesynapse-events.db, configDir=/home/homesynapse/hs-bench/config, homeId=01KWVQ4XMC5803M3ZQYR87VMHW, automations=1; HTTP exposed behind bearer-token auth on 127.0.0.1:7070 (AB-1), cipher inert=false
HomeSynapse Core is RUNNING (phase=RUNNING); HTTP surface exposed behind bearer-token auth, loopback-bound (AB-1). Send SIGTERM to stop.
21:50:22.725 [integration-zigbee-0] INFO  c.h.i.zigbee.TransportProbe -- zigbee.transport_detected: kind=EZSP port=/dev/zigbee
21:50:24.316 [integration-zigbee-0] INFO  c.h.integration.zigbee.AshSession -- ASH session connected: ashVersion=2 resetCode=0xb
21:50:24.319 [integration-zigbee-0] INFO  c.h.i.z.ZigbeeIntegrationAdapter -- zigbee.port_identity_captured: stableId=/dev/serial/by-id/usb-SONOFF_SONOFF_Dongle_Plus_MG24_0ae2dd7cecf8ef11b80168135c2a50c9-if00-port0 vendorId=10c4 productId=ea60 pinnedOnly=false
21:50:24.327 [integration-zigbee-0] INFO  c.h.i.zigbee.EzspCoordinatorProtocol -- EZSP session negotiated: protocolVersion=13 stackType=2 stackVersion=0x7450
21:50:24.383 [integration-zigbee-0] WARN  c.h.i.zigbee.EzspCoordinatorProtocol -- zigbee.ncp_config_skipped: id=0x1 status=0x37
21:50:24.389 [integration-zigbee-0] WARN  c.h.i.zigbee.EzspCoordinatorProtocol -- zigbee.ncp_config_skipped: id=0x6 status=0x35
21:50:24.408 [integration-zigbee-0] INFO  c.h.i.zigbee.EzspCoordinatorProtocol -- zigbee.ncp_configured: zdo_flags=0x3 stack_profile=2 security_level=5
21:50:24.435 [integration-zigbee-0] INFO  c.h.i.z.ZigbeeIntegrationAdapter -- zigbee.network_resumed: channel=20 panId=0x774c
21:50:24.435 [integration-zigbee-0] INFO  c.h.i.zigbee.EzspCoordinatorProtocol -- zigbee.network_up: stackStatusHandler reported EMBER_NETWORK_UP (buffered)
21:50:24.436 [integration-zigbee-0] INFO  c.h.i.z.ZigbeeIntegrationAdapter -- zigbee.production_session_started: port=/dev/zigbee protocolVersion=13
21:50:24.457 [integration-zigbee-0] INFO  c.h.i.zigbee.EzspCoordinatorProtocol -- zigbee.tc_joins_enabled: join policy set; wildcard well-known transient link key installed (stack-bounded lifetime — expected to self-expire with the join window)
21:50:24.465 [integration-zigbee-0] INFO  c.h.i.z.ZigbeeIntegrationAdapter -- zigbee.permit_join_opened: duration=254s
21:50:35.484 [integration-zigbee-0] INFO  c.h.i.zigbee.ZclIngestionUnit -- zigbee.device_join: device=0xACEBE6FFFEF733DC nwk=0xb8c4 status=UNSECURED_JOIN decision=USE_PRECONFIGURED_KEY
21:50:36.112 [integration-zigbee-0] INFO  c.h.i.z.StandardAvailabilityTracker -- zigbee.availability_changed: device=0xACEBE6FFFEF733DC available=true
21:50:36.112 [integration-zigbee-0] INFO  c.h.i.zigbee.ZclIngestionUnit -- zigbee.device_announce: device=0xACEBE6FFFEF733DC nwk=0xb8c4
21:50:36.743 [integration-zigbee-0] INFO  c.h.i.zigbee.ZigbeeAdoptionSlice -- zigbee.device_proposed: device=0xACEBE6FFFEF733DC manufacturer=Shelly model=Plug US profile=null status=COMPLETE source=announce
21:50:36.744 [integration-zigbee-0] INFO  c.h.i.z.ZigbeeIntegrationAdapter -- zigbee.proposal_accepted: device=0xACEBE6FFFEF733DC source=config
21:50:36.765 [integration-zigbee-0] INFO  c.h.i.zigbee.EndpointClassifier -- zigbee.endpoint_classified: endpoint=1 deviceType=0x10a inputClusters=[0x0, 0x3, 0x4, 0x5, 0x6, 0xb04, 0x702, 0xfc21] entityType=SWITCH capabilities=[on_off, power_meter, energy_meter, identify]
21:50:36.766 [integration-zigbee-0] INFO  c.h.i.zigbee.ZigbeeAdoptionSlice -- zigbee.endpoint_classified: device=0xACEBE6FFFEF733DC endpoint=1 entityType=SWITCH capabilities=[on_off, power_meter, energy_meter, identify]
21:50:36.806 [integration-zigbee-0] INFO  c.h.i.zigbee.EndpointClassifier -- zigbee.endpoint_classified: endpoint=239 deviceType=0x2001 inputClusters=[0xfc01, 0xfc02] entityType=none capabilities=[]
21:50:36.807 [integration-zigbee-0] WARN  c.h.i.zigbee.ZigbeeAdoptionSlice -- zigbee.endpoint_unclassified: device=0xACEBE6FFFEF733DC endpoint=239 deviceType=0x2001; endpoint skipped
21:50:36.821 [integration-zigbee-0] INFO  c.h.i.zigbee.ZigbeeAdoptionSlice -- zigbee.device_adopted: device=0xACEBE6FFFEF733DC deviceId=01M3DPGF69FPJ6DVZCBJQMMYEA entities=1
21:50:36.959 [integration-zigbee-0] INFO  c.h.i.zigbee.ReportingConfigurator -- zigbee.metering_formatting_read: device=0xACEBE6FFFEF733DC endpoint=1 cluster=0xb04 source=device mult=1 div=1 voltage=1/100 current=1/1000
21:50:36.959 [integration-zigbee-0] INFO  c.h.i.zigbee.ReportingConfigurator -- zigbee.metering_formatting_read: device=0xACEBE6FFFEF733DC endpoint=1 cluster=0x702 source=device mult=1 div=1000000 unit=0x0
21:50:38.069 [integration-zigbee-0] INFO  c.h.i.z.ZigbeeIntegrationAdapter -- zigbee.reporting_configured: device=0xACEBE6FFFEF733DC clusters=3 verified=3 degraded=0
21:50:38.175 [integration-zigbee-0] INFO  c.h.i.zigbee.ZclIngestionUnit -- zigbee.key_established: device=0xACEBE6FFFEF733DC status=TC_REQUESTER_VERIFY_KEY_SUCCESS
21:51:47.159 [integration-zigbee-0] INFO  c.h.i.zigbee.ZclIngestionUnit -- zigbee.device_left: device=0xACEBE6FFFEF25A2C nwk=0x47f2
21:51:47.196 [integration-zigbee-0] INFO  c.h.i.zigbee.ZclIngestionUnit -- zigbee.device_left: device=0xACEBE6FFFEF25A2C nwk=0x47f2
21:52:17.794 [integration-zigbee-0] INFO  c.h.i.zigbee.ZclIngestionUnit -- zigbee.device_join: device=0xACEBE6FFFEF25A2C nwk=0x362f status=UNSECURED_JOIN decision=USE_PRECONFIGURED_KEY
21:52:18.435 [integration-zigbee-0] INFO  c.h.i.zigbee.ZclIngestionUnit -- zigbee.device_announce: device=0xACEBE6FFFEF25A2C nwk=0x362f
21:52:21.304 [integration-zigbee-0] INFO  c.h.i.zigbee.ZigbeeAdoptionSlice -- zigbee.device_proposed: device=0xACEBE6FFFEF25A2C manufacturer=Shelly model=Plug US profile=null status=COMPLETE source=announce
21:52:21.305 [integration-zigbee-0] INFO  c.h.i.z.ZigbeeIntegrationAdapter -- zigbee.proposal_accepted: device=0xACEBE6FFFEF25A2C source=config
21:52:21.308 [integration-zigbee-0] INFO  c.h.i.zigbee.EndpointClassifier -- zigbee.endpoint_classified: endpoint=1 deviceType=0x10a inputClusters=[0x0, 0x3, 0x4, 0x5, 0x6, 0xb04, 0x702, 0xfc21] entityType=SWITCH capabilities=[on_off, power_meter, energy_meter, identify]
21:52:21.308 [integration-zigbee-0] INFO  c.h.i.zigbee.ZigbeeAdoptionSlice -- zigbee.endpoint_classified: device=0xACEBE6FFFEF25A2C endpoint=1 entityType=SWITCH capabilities=[on_off, power_meter, energy_meter, identify]
21:52:21.387 [integration-zigbee-0] INFO  c.h.i.zigbee.EndpointClassifier -- zigbee.endpoint_classified: endpoint=239 deviceType=0x2001 inputClusters=[0xfc01, 0xfc02] entityType=none capabilities=[]
21:52:21.387 [integration-zigbee-0] WARN  c.h.i.zigbee.ZigbeeAdoptionSlice -- zigbee.endpoint_unclassified: device=0xACEBE6FFFEF25A2C endpoint=239 deviceType=0x2001; endpoint skipped
21:52:21.391 [integration-zigbee-0] INFO  c.h.i.zigbee.ZigbeeAdoptionSlice -- zigbee.device_adopted: device=0xACEBE6FFFEF25A2C deviceId=01M3DPKN9SX4K6D7D1PKDP17S3 entities=1
21:52:21.930 [integration-zigbee-0] INFO  c.h.i.zigbee.ReportingConfigurator -- zigbee.metering_formatting_read: device=0xACEBE6FFFEF25A2C endpoint=1 cluster=0xb04 source=device mult=1 div=1 voltage=1/100 current=1/1000
21:52:21.930 [integration-zigbee-0] INFO  c.h.i.zigbee.ReportingConfigurator -- zigbee.metering_formatting_read: device=0xACEBE6FFFEF25A2C endpoint=1 cluster=0x702 source=device mult=1 div=1000000 unit=0x0
21:52:25.715 [integration-zigbee-0] INFO  c.h.i.z.ZigbeeIntegrationAdapter -- zigbee.reporting_configured: device=0xACEBE6FFFEF25A2C clusters=3 verified=3 degraded=0
21:52:25.760 [integration-zigbee-0] INFO  c.h.i.zigbee.ZclIngestionUnit -- zigbee.key_established: device=0xACEBE6FFFEF25A2C status=TC_REQUESTER_VERIFY_KEY_SUCCESS
21:54:38.432 [hs-shutdown] INFO  io.javalin.Javalin -- Stopping Javalin ...
21:54:38.433 [hs-shutdown] INFO  org.eclipse.jetty.server.Server -- Stopped Server@756b58a7{STOPPING}[11.0.25,sto=0]
21:54:38.434 [integration-zigbee-0] WARN  c.h.i.z.ZigbeeIntegrationAdapter -- zigbee.transport_failed: serial read error: port dead or closed; lastFrame=DATA(frm=7, ack=5, reTx=false) retransmits=0 crcRejects=0 timeouts=0 — the watchdog owns recovery
21:54:38.434 [integration-zigbee-0] WARN  c.h.integration.zigbee.PortWatchdog -- zigbee.port_unhealthy: cause=read-error; reopen scheduling started
21:54:38.437 [hs-shutdown] INFO  o.e.jetty.server.AbstractConnector -- Stopped ServerConnector@670ce331{HTTP/1.1, (http/1.1)}{127.0.0.1:7070}
21:54:38.440 [hs-shutdown] INFO  o.e.j.server.handler.ContextHandler -- Stopped o.e.j.s.ServletContextHandler@43d38654{/,null,STOPPED}
21:54:38.446 [hs-shutdown] INFO  io.javalin.Javalin -- Javalin has stopped
21:54:40.030 [integration-zigbee-0] INFO  c.h.integration.zigbee.AshSession -- ASH session connected: ashVersion=2 resetCode=0xb
21:54:40.036 [integration-zigbee-0] INFO  c.h.i.zigbee.EzspCoordinatorProtocol -- EZSP session negotiated: protocolVersion=13 stackType=2 stackVersion=0x7450
21:54:40.092 [integration-zigbee-0] WARN  c.h.i.zigbee.EzspCoordinatorProtocol -- zigbee.ncp_config_skipped: id=0x1 status=0x37
21:54:40.098 [integration-zigbee-0] WARN  c.h.i.zigbee.EzspCoordinatorProtocol -- zigbee.ncp_config_skipped: id=0x6 status=0x35
21:54:40.116 [integration-zigbee-0] INFO  c.h.i.zigbee.EzspCoordinatorProtocol -- zigbee.ncp_configured: zdo_flags=0x3 stack_profile=2 security_level=5
21:54:40.141 [integration-zigbee-0] INFO  c.h.i.z.ZigbeeIntegrationAdapter -- zigbee.reopened: port=/dev/ttyUSB0
21:54:40.141 [integration-zigbee-0] INFO  c.h.integration.zigbee.PortWatchdog -- zigbee.port_reopened: recovery succeeded after 0 failed attempts
21:54:40.245 [hs-shutdown] INFO  c.h.p.SqlitePersistenceLifecycle -- WAL checkpoint completed: database=/home/homesynapse/hs-bench/data/homesynapse-events.db
21:54:40.245 [hs-shutdown] INFO  c.h.persistence.DatabaseExecutor -- Shutting down DatabaseExecutor
21:54:40.246 [hs-shutdown] INFO  c.h.persistence.DatabaseExecutor -- DatabaseExecutor shutdown complete
21:54:40.246 [hs-shutdown] INFO  c.h.p.SqlitePersistenceLifecycle -- Persistence layer stopped: database=/home/homesynapse/hs-bench/data/homesynapse-events.db
21:54:40.246 [hs-shutdown] INFO  c.h.lifecycle.HomeSynapseCore -- HomeSynapseCore stopped: db=/home/homesynapse/hs-bench/data/homesynapse-events.db (SIGTERM)
