17:46:40.580Z rows=4
17:46:40.580Z 01M19RHWXYZYJMM26SX0E41HXN deviceId=01M19RHWWZXKD4MWM66KAW8MSR lastReported='2026-09-13T14:45:07.132090Z'
17:46:40.580Z 01M19XN7NNQQ8S3JJF09T6YKKY deviceId=01M19XN7MXFBA3P5BT4VDY0BM6 lastReported='2026-09-13T14:44:31.278087Z'
17:46:40.580Z 01M1PRQN03X8H4MNEZQ62F76F1 deviceId=01M1PRQMZHFV4SAWT1E96B9BQ2 lastReported='2026-09-19T17:45:13.608209Z'
17:46:40.580Z 01M2DKJWVSJCHB6TTAJSW3D880 deviceId=01M2DKJWVDDHRF8ZX9HQ5B94KX lastReported='2026-09-19T17:41:44.901862Z'
17:46:45.617Z rows=4
17:46:45.617Z 01M19RHWXYZYJMM26SX0E41HXN deviceId=01M19RHWWZXKD4MWM66KAW8MSR lastReported='2026-09-13T14:45:07.132090Z'
17:46:45.617Z 01M19XN7NNQQ8S3JJF09T6YKKY deviceId=01M19XN7MXFBA3P5BT4VDY0BM6 lastReported='2026-09-13T14:44:31.278087Z'
17:46:45.617Z 01M1PRQN03X8H4MNEZQ62F76F1 deviceId=01M1PRQMZHFV4SAWT1E96B9BQ2 lastReported='2026-09-19T17:45:13.608209Z'
17:46:45.617Z 01M2DKJWVSJCHB6TTAJSW3D880 deviceId=01M2DKJWVDDHRF8ZX9HQ5B94KX lastReported='2026-09-19T17:46:42.449419Z'
17:46:50.646Z rows=4
17:46:50.646Z 01M19RHWXYZYJMM26SX0E41HXN deviceId=01M19RHWWZXKD4MWM66KAW8MSR lastReported='2026-09-13T14:45:07.132090Z'
17:46:50.646Z 01M19XN7NNQQ8S3JJF09T6YKKY deviceId=01M19XN7MXFBA3P5BT4VDY0BM6 lastReported='2026-09-13T14:44:31.278087Z'
17:46:50.646Z 01M1PRQN03X8H4MNEZQ62F76F1 deviceId=01M1PRQMZHFV4SAWT1E96B9BQ2 lastReported='2026-09-19T17:45:13.608209Z'
17:46:50.646Z 01M2DKJWVSJCHB6TTAJSW3D880 deviceId=01M2DKJWVDDHRF8ZX9HQ5B94KX lastReported='2026-09-19T17:46:42.449419Z'
17:46:55.685Z rows=4
17:46:55.685Z 01M19RHWXYZYJMM26SX0E41HXN deviceId=01M19RHWWZXKD4MWM66KAW8MSR lastReported='2026-09-13T14:45:07.132090Z'
17:46:55.685Z 01M19XN7NNQQ8S3JJF09T6YKKY deviceId=01M19XN7MXFBA3P5BT4VDY0BM6 lastReported='2026-09-13T14:44:31.278087Z'
17:46:55.685Z 01M1PRQN03X8H4MNEZQ62F76F1 deviceId=01M1PRQMZHFV4SAWT1E96B9BQ2 lastReported='2026-09-19T17:45:13.608209Z'
17:46:55.685Z 01M2DKJWVSJCHB6TTAJSW3D880 deviceId=01M2DKJWVDDHRF8ZX9HQ5B94KX lastReported='2026-09-19T17:46:52.460728Z'
17:47:00.727Z rows=4
17:47:00.727Z 01M19RHWXYZYJMM26SX0E41HXN deviceId=01M19RHWWZXKD4MWM66KAW8MSR lastReported='2026-09-13T14:45:07.132090Z'
17:47:00.727Z 01M19XN7NNQQ8S3JJF09T6YKKY deviceId=01M19XN7MXFBA3P5BT4VDY0BM6 lastReported='2026-09-13T14:44:31.278087Z'
17:47:00.727Z 01M1PRQN03X8H4MNEZQ62F76F1 deviceId=01M1PRQMZHFV4SAWT1E96B9BQ2 lastReported='2026-09-19T17:45:13.608209Z'
17:47:00.727Z 01M2DKJWVSJCHB6TTAJSW3D880 deviceId=01M2DKJWVDDHRF8ZX9HQ5B94KX lastReported='2026-09-19T17:46:52.460728Z'
17:47:05.768Z rows=4
17:47:05.768Z 01M19RHWXYZYJMM26SX0E41HXN deviceId=01M19RHWWZXKD4MWM66KAW8MSR lastReported='2026-09-13T14:45:07.132090Z'
17:47:05.768Z 01M19XN7NNQQ8S3JJF09T6YKKY deviceId=01M19XN7MXFBA3P5BT4VDY0BM6 lastReported='2026-09-13T14:44:31.278087Z'
17:47:05.768Z 01M1PRQN03X8H4MNEZQ62F76F1 deviceId=01M1PRQMZHFV4SAWT1E96B9BQ2 lastReported='2026-09-19T17:45:13.608209Z'
17:47:05.768Z 01M2DKJWVSJCHB6TTAJSW3D880 deviceId=01M2DKJWVDDHRF8ZX9HQ5B94KX lastReported='2026-09-19T17:47:02.471550Z'
17:47:10.808Z rows=4
17:47:10.808Z 01M19RHWXYZYJMM26SX0E41HXN deviceId=01M19RHWWZXKD4MWM66KAW8MSR lastReported='2026-09-13T14:45:07.132090Z'
17:47:10.808Z 01M19XN7NNQQ8S3JJF09T6YKKY deviceId=01M19XN7MXFBA3P5BT4VDY0BM6 lastReported='2026-09-13T14:44:31.278087Z'
17:47:10.808Z 01M1PRQN03X8H4MNEZQ62F76F1 deviceId=01M1PRQMZHFV4SAWT1E96B9BQ2 lastReported='2026-09-19T17:45:13.608209Z'
17:47:10.808Z 01M2DKJWVSJCHB6TTAJSW3D880 deviceId=01M2DKJWVDDHRF8ZX9HQ5B94KX lastReported='2026-09-19T17:47:02.471550Z'
17:47:15.848Z rows=4
17:47:15.848Z 01M19RHWXYZYJMM26SX0E41HXN deviceId=01M19RHWWZXKD4MWM66KAW8MSR lastReported='2026-09-13T14:45:07.132090Z'
17:47:15.848Z 01M19XN7NNQQ8S3JJF09T6YKKY deviceId=01M19XN7MXFBA3P5BT4VDY0BM6 lastReported='2026-09-13T14:44:31.278087Z'
17:47:15.848Z 01M1PRQN03X8H4MNEZQ62F76F1 deviceId=01M1PRQMZHFV4SAWT1E96B9BQ2 lastReported='2026-09-19T17:45:13.608209Z'
17:47:15.848Z 01M2DKJWVSJCHB6TTAJSW3D880 deviceId=01M2DKJWVDDHRF8ZX9HQ5B94KX lastReported='2026-09-19T17:47:02.471550Z'
17:47:20.887Z rows=4
17:47:20.887Z 01M19RHWXYZYJMM26SX0E41HXN deviceId=01M19RHWWZXKD4MWM66KAW8MSR lastReported='2026-09-13T14:45:07.132090Z'
17:47:20.887Z 01M19XN7NNQQ8S3JJF09T6YKKY deviceId=01M19XN7MXFBA3P5BT4VDY0BM6 lastReported='2026-09-13T14:44:31.278087Z'
17:47:20.887Z 01M1PRQN03X8H4MNEZQ62F76F1 deviceId=01M1PRQMZHFV4SAWT1E96B9BQ2 lastReported='2026-09-19T17:45:13.608209Z'
17:47:20.887Z 01M2DKJWVSJCHB6TTAJSW3D880 deviceId=01M2DKJWVDDHRF8ZX9HQ5B94KX lastReported='2026-09-19T17:47:02.471550Z'
17:47:25.925Z rows=4
17:47:25.925Z 01M19RHWXYZYJMM26SX0E41HXN deviceId=01M19RHWWZXKD4MWM66KAW8MSR lastReported='2026-09-13T14:45:07.132090Z'
17:47:25.925Z 01M19XN7NNQQ8S3JJF09T6YKKY deviceId=01M19XN7MXFBA3P5BT4VDY0BM6 lastReported='2026-09-13T14:44:31.278087Z'
17:47:25.925Z 01M1PRQN03X8H4MNEZQ62F76F1 deviceId=01M1PRQMZHFV4SAWT1E96B9BQ2 lastReported='2026-09-19T17:45:13.608209Z'
17:47:25.925Z 01M2DKJWVSJCHB6TTAJSW3D880 deviceId=01M2DKJWVDDHRF8ZX9HQ5B94KX lastReported='2026-09-19T17:47:02.471550Z'
17:47:30.965Z rows=4
17:47:30.965Z 01M19RHWXYZYJMM26SX0E41HXN deviceId=01M19RHWWZXKD4MWM66KAW8MSR lastReported='2026-09-13T14:45:07.132090Z'
17:47:30.965Z 01M19XN7NNQQ8S3JJF09T6YKKY deviceId=01M19XN7MXFBA3P5BT4VDY0BM6 lastReported='2026-09-13T14:44:31.278087Z'
17:47:30.965Z 01M1PRQN03X8H4MNEZQ62F76F1 deviceId=01M1PRQMZHFV4SAWT1E96B9BQ2 lastReported='2026-09-19T17:45:13.608209Z'
17:47:30.965Z 01M2DKJWVSJCHB6TTAJSW3D880 deviceId=01M2DKJWVDDHRF8ZX9HQ5B94KX lastReported='2026-09-19T17:47:02.471550Z'
17:47:36.004Z rows=4
17:47:36.004Z 01M19RHWXYZYJMM26SX0E41HXN deviceId=01M19RHWWZXKD4MWM66KAW8MSR lastReported='2026-09-13T14:45:07.132090Z'
17:47:36.004Z 01M19XN7NNQQ8S3JJF09T6YKKY deviceId=01M19XN7MXFBA3P5BT4VDY0BM6 lastReported='2026-09-13T14:44:31.278087Z'
17:47:36.004Z 01M1PRQN03X8H4MNEZQ62F76F1 deviceId=01M1PRQMZHFV4SAWT1E96B9BQ2 lastReported='2026-09-19T17:45:13.608209Z'
17:47:36.004Z 01M2DKJWVSJCHB6TTAJSW3D880 deviceId=01M2DKJWVDDHRF8ZX9HQ5B94KX lastReported='2026-09-19T17:47:02.471550Z'
17:47:41.043Z rows=4
17:47:41.043Z 01M19RHWXYZYJMM26SX0E41HXN deviceId=01M19RHWWZXKD4MWM66KAW8MSR lastReported='2026-09-13T14:45:07.132090Z'
17:47:41.043Z 01M19XN7NNQQ8S3JJF09T6YKKY deviceId=01M19XN7MXFBA3P5BT4VDY0BM6 lastReported='2026-09-13T14:44:31.278087Z'
17:47:41.043Z 01M1PRQN03X8H4MNEZQ62F76F1 deviceId=01M1PRQMZHFV4SAWT1E96B9BQ2 lastReported='2026-09-19T17:45:13.608209Z'
17:47:41.043Z 01M2DKJWVSJCHB6TTAJSW3D880 deviceId=01M2DKJWVDDHRF8ZX9HQ5B94KX lastReported='2026-09-19T17:47:02.471550Z'
17:47:46.081Z rows=4
17:47:46.081Z 01M19RHWXYZYJMM26SX0E41HXN deviceId=01M19RHWWZXKD4MWM66KAW8MSR lastReported='2026-09-13T14:45:07.132090Z'
17:47:46.081Z 01M19XN7NNQQ8S3JJF09T6YKKY deviceId=01M19XN7MXFBA3P5BT4VDY0BM6 lastReported='2026-09-13T14:44:31.278087Z'
17:47:46.081Z 01M1PRQN03X8H4MNEZQ62F76F1 deviceId=01M1PRQMZHFV4SAWT1E96B9BQ2 lastReported='2026-09-19T17:45:13.608209Z'
17:47:46.081Z 01M2DKJWVSJCHB6TTAJSW3D880 deviceId=01M2DKJWVDDHRF8ZX9HQ5B94KX lastReported='2026-09-19T17:47:02.471550Z'
17:47:51.120Z rows=4
17:47:51.120Z 01M19RHWXYZYJMM26SX0E41HXN deviceId=01M19RHWWZXKD4MWM66KAW8MSR lastReported='2026-09-13T14:45:07.132090Z'
17:47:51.120Z 01M19XN7NNQQ8S3JJF09T6YKKY deviceId=01M19XN7MXFBA3P5BT4VDY0BM6 lastReported='2026-09-13T14:44:31.278087Z'
17:47:51.120Z 01M1PRQN03X8H4MNEZQ62F76F1 deviceId=01M1PRQMZHFV4SAWT1E96B9BQ2 lastReported='2026-09-19T17:45:13.608209Z'
17:47:51.120Z 01M2DKJWVSJCHB6TTAJSW3D880 deviceId=01M2DKJWVDDHRF8ZX9HQ5B94KX lastReported='2026-09-19T17:47:02.471550Z'
17:47:56.159Z rows=4
17:47:56.159Z 01M19RHWXYZYJMM26SX0E41HXN deviceId=01M19RHWWZXKD4MWM66KAW8MSR lastReported='2026-09-13T14:45:07.132090Z'
17:47:56.159Z 01M19XN7NNQQ8S3JJF09T6YKKY deviceId=01M19XN7MXFBA3P5BT4VDY0BM6 lastReported='2026-09-13T14:44:31.278087Z'
17:47:56.159Z 01M1PRQN03X8H4MNEZQ62F76F1 deviceId=01M1PRQMZHFV4SAWT1E96B9BQ2 lastReported='2026-09-19T17:45:13.608209Z'
17:47:56.159Z 01M2DKJWVSJCHB6TTAJSW3D880 deviceId=01M2DKJWVDDHRF8ZX9HQ5B94KX lastReported='2026-09-19T17:47:02.471550Z'
17:48:01.197Z rows=4
17:48:01.197Z 01M19RHWXYZYJMM26SX0E41HXN deviceId=01M19RHWWZXKD4MWM66KAW8MSR lastReported='2026-09-13T14:45:07.132090Z'
17:48:01.197Z 01M19XN7NNQQ8S3JJF09T6YKKY deviceId=01M19XN7MXFBA3P5BT4VDY0BM6 lastReported='2026-09-13T14:44:31.278087Z'
17:48:01.197Z 01M1PRQN03X8H4MNEZQ62F76F1 deviceId=01M1PRQMZHFV4SAWT1E96B9BQ2 lastReported='2026-09-19T17:45:13.608209Z'
17:48:01.197Z 01M2DKJWVSJCHB6TTAJSW3D880 deviceId=01M2DKJWVDDHRF8ZX9HQ5B94KX lastReported='2026-09-19T17:47:02.471550Z'
Traceback (most recent call last):
  File "<string>", line 3, in <module>
    d=json.load(sys.stdin); d=d["data"] if isinstance(d,dict) and "data" in d else d
  File "/usr/lib/python3.13/json/__init__.py", line 293, in load
    return loads(fp.read(),
        cls=cls, object_hook=object_hook,
        parse_float=parse_float, parse_int=parse_int,
        parse_constant=parse_constant, object_pairs_hook=object_pairs_hook, **kw)
  File "/usr/lib/python3.13/json/__init__.py", line 346, in loads
    return _default_decoder.decode(s)
           ~~~~~~~~~~~~~~~~~~~~~~~^^^
  File "/usr/lib/python3.13/json/decoder.py", line 345, in decode
    obj, end = self.raw_decode(s, idx=_w(s, 0).end())
               ~~~~~~~~~~~~~~~^^^^^^^^^^^^^^^^^^^^^^^
  File "/usr/lib/python3.13/json/decoder.py", line 363, in raw_decode
    raise JSONDecodeError("Expecting value", s, err.value) from None
json.decoder.JSONDecodeError: Expecting value: line 1 column 1 (char 0)
17:48:11.297Z rows=4
17:48:11.297Z 01M19RHWXYZYJMM26SX0E41HXN deviceId=01M19RHWWZXKD4MWM66KAW8MSR lastReported='2026-09-13T14:45:07.132090Z'
17:48:11.297Z 01M19XN7NNQQ8S3JJF09T6YKKY deviceId=01M19XN7MXFBA3P5BT4VDY0BM6 lastReported='2026-09-13T14:44:31.278087Z'
17:48:11.297Z 01M1PRQN03X8H4MNEZQ62F76F1 deviceId=01M1PRQMZHFV4SAWT1E96B9BQ2 lastReported='2026-09-19T17:45:13.608209Z'
17:48:11.297Z 01M2DKJWVSJCHB6TTAJSW3D880 deviceId=01M2DKJWVDDHRF8ZX9HQ5B94KX lastReported='2026-09-19T17:47:02.471550Z'
17:48:16.403Z rows=4
17:48:16.403Z 01M19RHWXYZYJMM26SX0E41HXN deviceId=01M19RHWWZXKD4MWM66KAW8MSR lastReported='2026-09-13T14:45:07.132090Z'
17:48:16.403Z 01M19XN7NNQQ8S3JJF09T6YKKY deviceId=01M19XN7MXFBA3P5BT4VDY0BM6 lastReported='2026-09-13T14:44:31.278087Z'
17:48:16.403Z 01M1PRQN03X8H4MNEZQ62F76F1 deviceId=01M1PRQMZHFV4SAWT1E96B9BQ2 lastReported='2026-09-19T17:45:13.608209Z'
17:48:16.403Z 01M2DKJWVSJCHB6TTAJSW3D880 deviceId=01M2DKJWVDDHRF8ZX9HQ5B94KX lastReported='2026-09-19T17:47:02.471550Z'
17:48:21.444Z rows=4
17:48:21.444Z 01M19RHWXYZYJMM26SX0E41HXN deviceId=01M19RHWWZXKD4MWM66KAW8MSR lastReported='2026-09-13T14:45:07.132090Z'
17:48:21.444Z 01M19XN7NNQQ8S3JJF09T6YKKY deviceId=01M19XN7MXFBA3P5BT4VDY0BM6 lastReported='2026-09-13T14:44:31.278087Z'
17:48:21.444Z 01M1PRQN03X8H4MNEZQ62F76F1 deviceId=01M1PRQMZHFV4SAWT1E96B9BQ2 lastReported='2026-09-19T17:45:13.608209Z'
17:48:21.444Z 01M2DKJWVSJCHB6TTAJSW3D880 deviceId=01M2DKJWVDDHRF8ZX9HQ5B94KX lastReported='2026-09-19T17:47:02.471550Z'
17:48:26.482Z rows=4
17:48:26.482Z 01M19RHWXYZYJMM26SX0E41HXN deviceId=01M19RHWWZXKD4MWM66KAW8MSR lastReported='2026-09-13T14:45:07.132090Z'
17:48:26.482Z 01M19XN7NNQQ8S3JJF09T6YKKY deviceId=01M19XN7MXFBA3P5BT4VDY0BM6 lastReported='2026-09-13T14:44:31.278087Z'
17:48:26.482Z 01M1PRQN03X8H4MNEZQ62F76F1 deviceId=01M1PRQMZHFV4SAWT1E96B9BQ2 lastReported='2026-09-19T17:45:13.608209Z'
17:48:26.482Z 01M2DKJWVSJCHB6TTAJSW3D880 deviceId=01M2DKJWVDDHRF8ZX9HQ5B94KX lastReported='2026-09-19T17:47:02.471550Z'
17:48:31.523Z rows=4
17:48:31.523Z 01M19RHWXYZYJMM26SX0E41HXN deviceId=01M19RHWWZXKD4MWM66KAW8MSR lastReported='2026-09-13T14:45:07.132090Z'
17:48:31.523Z 01M19XN7NNQQ8S3JJF09T6YKKY deviceId=01M19XN7MXFBA3P5BT4VDY0BM6 lastReported='2026-09-13T14:44:31.278087Z'
17:48:31.523Z 01M1PRQN03X8H4MNEZQ62F76F1 deviceId=01M1PRQMZHFV4SAWT1E96B9BQ2 lastReported='2026-09-19T17:45:13.608209Z'
17:48:31.523Z 01M2DKJWVSJCHB6TTAJSW3D880 deviceId=01M2DKJWVDDHRF8ZX9HQ5B94KX lastReported='2026-09-19T17:47:02.471550Z'
17:48:36.563Z rows=4
17:48:36.563Z 01M19RHWXYZYJMM26SX0E41HXN deviceId=01M19RHWWZXKD4MWM66KAW8MSR lastReported='2026-09-13T14:45:07.132090Z'
17:48:36.563Z 01M19XN7NNQQ8S3JJF09T6YKKY deviceId=01M19XN7MXFBA3P5BT4VDY0BM6 lastReported='2026-09-13T14:44:31.278087Z'
17:48:36.563Z 01M1PRQN03X8H4MNEZQ62F76F1 deviceId=01M1PRQMZHFV4SAWT1E96B9BQ2 lastReported='2026-09-19T17:45:13.608209Z'
17:48:36.563Z 01M2DKJWVSJCHB6TTAJSW3D880 deviceId=01M2DKJWVDDHRF8ZX9HQ5B94KX lastReported='2026-09-19T17:47:02.471550Z'
17:48:41.603Z rows=4
17:48:41.603Z 01M19RHWXYZYJMM26SX0E41HXN deviceId=01M19RHWWZXKD4MWM66KAW8MSR lastReported='2026-09-13T14:45:07.132090Z'
17:48:41.603Z 01M19XN7NNQQ8S3JJF09T6YKKY deviceId=01M19XN7MXFBA3P5BT4VDY0BM6 lastReported='2026-09-13T14:44:31.278087Z'
17:48:41.603Z 01M1PRQN03X8H4MNEZQ62F76F1 deviceId=01M1PRQMZHFV4SAWT1E96B9BQ2 lastReported='2026-09-19T17:45:13.608209Z'
17:48:41.603Z 01M2DKJWVSJCHB6TTAJSW3D880 deviceId=01M2DKJWVDDHRF8ZX9HQ5B94KX lastReported='2026-09-19T17:47:02.471550Z'
17:48:46.642Z rows=4
17:48:46.642Z 01M19RHWXYZYJMM26SX0E41HXN deviceId=01M19RHWWZXKD4MWM66KAW8MSR lastReported='2026-09-13T14:45:07.132090Z'
17:48:46.642Z 01M19XN7NNQQ8S3JJF09T6YKKY deviceId=01M19XN7MXFBA3P5BT4VDY0BM6 lastReported='2026-09-13T14:44:31.278087Z'
17:48:46.642Z 01M1PRQN03X8H4MNEZQ62F76F1 deviceId=01M1PRQMZHFV4SAWT1E96B9BQ2 lastReported='2026-09-19T17:45:13.608209Z'
17:48:46.642Z 01M2DKJWVSJCHB6TTAJSW3D880 deviceId=01M2DKJWVDDHRF8ZX9HQ5B94KX lastReported='2026-09-19T17:48:43.469146Z'
17:48:51.682Z rows=4
17:48:51.682Z 01M19RHWXYZYJMM26SX0E41HXN deviceId=01M19RHWWZXKD4MWM66KAW8MSR lastReported='2026-09-13T14:45:07.132090Z'
17:48:51.682Z 01M19XN7NNQQ8S3JJF09T6YKKY deviceId=01M19XN7MXFBA3P5BT4VDY0BM6 lastReported='2026-09-13T14:44:31.278087Z'
17:48:51.682Z 01M1PRQN03X8H4MNEZQ62F76F1 deviceId=01M1PRQMZHFV4SAWT1E96B9BQ2 lastReported='2026-09-19T17:45:13.608209Z'
17:48:51.682Z 01M2DKJWVSJCHB6TTAJSW3D880 deviceId=01M2DKJWVDDHRF8ZX9HQ5B94KX lastReported='2026-09-19T17:48:43.469146Z'
17:48:56.722Z rows=4
17:48:56.722Z 01M19RHWXYZYJMM26SX0E41HXN deviceId=01M19RHWWZXKD4MWM66KAW8MSR lastReported='2026-09-13T14:45:07.132090Z'
17:48:56.722Z 01M19XN7NNQQ8S3JJF09T6YKKY deviceId=01M19XN7MXFBA3P5BT4VDY0BM6 lastReported='2026-09-13T14:44:31.278087Z'
17:48:56.722Z 01M1PRQN03X8H4MNEZQ62F76F1 deviceId=01M1PRQMZHFV4SAWT1E96B9BQ2 lastReported='2026-09-19T17:45:13.608209Z'
17:48:56.722Z 01M2DKJWVSJCHB6TTAJSW3D880 deviceId=01M2DKJWVDDHRF8ZX9HQ5B94KX lastReported='2026-09-19T17:48:53.468932Z'
17:49:01.763Z rows=4
17:49:01.763Z 01M19RHWXYZYJMM26SX0E41HXN deviceId=01M19RHWWZXKD4MWM66KAW8MSR lastReported='2026-09-13T14:45:07.132090Z'
17:49:01.763Z 01M19XN7NNQQ8S3JJF09T6YKKY deviceId=01M19XN7MXFBA3P5BT4VDY0BM6 lastReported='2026-09-13T14:44:31.278087Z'
17:49:01.763Z 01M1PRQN03X8H4MNEZQ62F76F1 deviceId=01M1PRQMZHFV4SAWT1E96B9BQ2 lastReported='2026-09-19T17:45:13.608209Z'
17:49:01.763Z 01M2DKJWVSJCHB6TTAJSW3D880 deviceId=01M2DKJWVDDHRF8ZX9HQ5B94KX lastReported='2026-09-19T17:48:53.468932Z'
17:49:06.803Z rows=4
17:49:06.803Z 01M19RHWXYZYJMM26SX0E41HXN deviceId=01M19RHWWZXKD4MWM66KAW8MSR lastReported='2026-09-13T14:45:07.132090Z'
17:49:06.803Z 01M19XN7NNQQ8S3JJF09T6YKKY deviceId=01M19XN7MXFBA3P5BT4VDY0BM6 lastReported='2026-09-13T14:44:31.278087Z'
17:49:06.803Z 01M1PRQN03X8H4MNEZQ62F76F1 deviceId=01M1PRQMZHFV4SAWT1E96B9BQ2 lastReported='2026-09-19T17:45:13.608209Z'
17:49:06.803Z 01M2DKJWVSJCHB6TTAJSW3D880 deviceId=01M2DKJWVDDHRF8ZX9HQ5B94KX lastReported='2026-09-19T17:48:53.468932Z'
17:49:11.831Z rows=4
17:49:11.831Z 01M19RHWXYZYJMM26SX0E41HXN deviceId=01M19RHWWZXKD4MWM66KAW8MSR lastReported='2026-09-13T14:45:07.132090Z'
17:49:11.831Z 01M19XN7NNQQ8S3JJF09T6YKKY deviceId=01M19XN7MXFBA3P5BT4VDY0BM6 lastReported='2026-09-13T14:44:31.278087Z'
17:49:11.831Z 01M1PRQN03X8H4MNEZQ62F76F1 deviceId=01M1PRQMZHFV4SAWT1E96B9BQ2 lastReported='2026-09-19T17:45:13.608209Z'
17:49:11.831Z 01M2DKJWVSJCHB6TTAJSW3D880 deviceId=01M2DKJWVDDHRF8ZX9HQ5B94KX lastReported='2026-09-19T17:49:08.668901Z'
17:49:16.872Z rows=4
17:49:16.872Z 01M19RHWXYZYJMM26SX0E41HXN deviceId=01M19RHWWZXKD4MWM66KAW8MSR lastReported='2026-09-13T14:45:07.132090Z'
17:49:16.872Z 01M19XN7NNQQ8S3JJF09T6YKKY deviceId=01M19XN7MXFBA3P5BT4VDY0BM6 lastReported='2026-09-13T14:44:31.278087Z'
17:49:16.872Z 01M1PRQN03X8H4MNEZQ62F76F1 deviceId=01M1PRQMZHFV4SAWT1E96B9BQ2 lastReported='2026-09-19T17:45:13.608209Z'
17:49:16.872Z 01M2DKJWVSJCHB6TTAJSW3D880 deviceId=01M2DKJWVDDHRF8ZX9HQ5B94KX lastReported='2026-09-19T17:49:08.668901Z'
17:49:21.912Z rows=4
17:49:21.912Z 01M19RHWXYZYJMM26SX0E41HXN deviceId=01M19RHWWZXKD4MWM66KAW8MSR lastReported='2026-09-13T14:45:07.132090Z'
17:49:21.912Z 01M19XN7NNQQ8S3JJF09T6YKKY deviceId=01M19XN7MXFBA3P5BT4VDY0BM6 lastReported='2026-09-13T14:44:31.278087Z'
17:49:21.912Z 01M1PRQN03X8H4MNEZQ62F76F1 deviceId=01M1PRQMZHFV4SAWT1E96B9BQ2 lastReported='2026-09-19T17:45:13.608209Z'
17:49:21.912Z 01M2DKJWVSJCHB6TTAJSW3D880 deviceId=01M2DKJWVDDHRF8ZX9HQ5B94KX lastReported='2026-09-19T17:49:08.668901Z'
17:49:26.952Z rows=4
17:49:26.952Z 01M19RHWXYZYJMM26SX0E41HXN deviceId=01M19RHWWZXKD4MWM66KAW8MSR lastReported='2026-09-13T14:45:07.132090Z'
17:49:26.952Z 01M19XN7NNQQ8S3JJF09T6YKKY deviceId=01M19XN7MXFBA3P5BT4VDY0BM6 lastReported='2026-09-13T14:44:31.278087Z'
17:49:26.952Z 01M1PRQN03X8H4MNEZQ62F76F1 deviceId=01M1PRQMZHFV4SAWT1E96B9BQ2 lastReported='2026-09-19T17:45:13.608209Z'
17:49:26.952Z 01M2DKJWVSJCHB6TTAJSW3D880 deviceId=01M2DKJWVDDHRF8ZX9HQ5B94KX lastReported='2026-09-19T17:49:08.668901Z'
17:49:31.991Z rows=4
17:49:31.991Z 01M19RHWXYZYJMM26SX0E41HXN deviceId=01M19RHWWZXKD4MWM66KAW8MSR lastReported='2026-09-13T14:45:07.132090Z'
17:49:31.991Z 01M19XN7NNQQ8S3JJF09T6YKKY deviceId=01M19XN7MXFBA3P5BT4VDY0BM6 lastReported='2026-09-13T14:44:31.278087Z'
17:49:31.991Z 01M1PRQN03X8H4MNEZQ62F76F1 deviceId=01M1PRQMZHFV4SAWT1E96B9BQ2 lastReported='2026-09-19T17:45:13.608209Z'
17:49:31.991Z 01M2DKJWVSJCHB6TTAJSW3D880 deviceId=01M2DKJWVDDHRF8ZX9HQ5B94KX lastReported='2026-09-19T17:49:08.668901Z'
17:49:37.030Z rows=4
17:49:37.030Z 01M19RHWXYZYJMM26SX0E41HXN deviceId=01M19RHWWZXKD4MWM66KAW8MSR lastReported='2026-09-13T14:45:07.132090Z'
17:49:37.030Z 01M19XN7NNQQ8S3JJF09T6YKKY deviceId=01M19XN7MXFBA3P5BT4VDY0BM6 lastReported='2026-09-13T14:44:31.278087Z'
17:49:37.030Z 01M1PRQN03X8H4MNEZQ62F76F1 deviceId=01M1PRQMZHFV4SAWT1E96B9BQ2 lastReported='2026-09-19T17:45:13.608209Z'
17:49:37.030Z 01M2DKJWVSJCHB6TTAJSW3D880 deviceId=01M2DKJWVDDHRF8ZX9HQ5B94KX lastReported='2026-09-19T17:49:08.668901Z'
17:49:42.066Z rows=4
17:49:42.066Z 01M19RHWXYZYJMM26SX0E41HXN deviceId=01M19RHWWZXKD4MWM66KAW8MSR lastReported='2026-09-13T14:45:07.132090Z'
17:49:42.066Z 01M19XN7NNQQ8S3JJF09T6YKKY deviceId=01M19XN7MXFBA3P5BT4VDY0BM6 lastReported='2026-09-13T14:44:31.278087Z'
17:49:42.066Z 01M1PRQN03X8H4MNEZQ62F76F1 deviceId=01M1PRQMZHFV4SAWT1E96B9BQ2 lastReported='2026-09-19T17:45:13.608209Z'
17:49:42.066Z 01M2DKJWVSJCHB6TTAJSW3D880 deviceId=01M2DKJWVDDHRF8ZX9HQ5B94KX lastReported='2026-09-19T17:49:08.668901Z'
17:49:47.106Z rows=4
17:49:47.106Z 01M19RHWXYZYJMM26SX0E41HXN deviceId=01M19RHWWZXKD4MWM66KAW8MSR lastReported='2026-09-13T14:45:07.132090Z'
17:49:47.106Z 01M19XN7NNQQ8S3JJF09T6YKKY deviceId=01M19XN7MXFBA3P5BT4VDY0BM6 lastReported='2026-09-13T14:44:31.278087Z'
17:49:47.106Z 01M1PRQN03X8H4MNEZQ62F76F1 deviceId=01M1PRQMZHFV4SAWT1E96B9BQ2 lastReported='2026-09-19T17:45:13.608209Z'
17:49:47.106Z 01M2DKJWVSJCHB6TTAJSW3D880 deviceId=01M2DKJWVDDHRF8ZX9HQ5B94KX lastReported='2026-09-19T17:49:08.668901Z'
17:49:52.146Z rows=4
17:49:52.146Z 01M19RHWXYZYJMM26SX0E41HXN deviceId=01M19RHWWZXKD4MWM66KAW8MSR lastReported='2026-09-13T14:45:07.132090Z'
17:49:52.146Z 01M19XN7NNQQ8S3JJF09T6YKKY deviceId=01M19XN7MXFBA3P5BT4VDY0BM6 lastReported='2026-09-13T14:44:31.278087Z'
17:49:52.146Z 01M1PRQN03X8H4MNEZQ62F76F1 deviceId=01M1PRQMZHFV4SAWT1E96B9BQ2 lastReported='2026-09-19T17:45:13.608209Z'
17:49:52.146Z 01M2DKJWVSJCHB6TTAJSW3D880 deviceId=01M2DKJWVDDHRF8ZX9HQ5B94KX lastReported='2026-09-19T17:49:08.668901Z'
17:49:57.186Z rows=4
17:49:57.186Z 01M19RHWXYZYJMM26SX0E41HXN deviceId=01M19RHWWZXKD4MWM66KAW8MSR lastReported='2026-09-13T14:45:07.132090Z'
17:49:57.186Z 01M19XN7NNQQ8S3JJF09T6YKKY deviceId=01M19XN7MXFBA3P5BT4VDY0BM6 lastReported='2026-09-13T14:44:31.278087Z'
17:49:57.186Z 01M1PRQN03X8H4MNEZQ62F76F1 deviceId=01M1PRQMZHFV4SAWT1E96B9BQ2 lastReported='2026-09-19T17:45:13.608209Z'
17:49:57.186Z 01M2DKJWVSJCHB6TTAJSW3D880 deviceId=01M2DKJWVDDHRF8ZX9HQ5B94KX lastReported='2026-09-19T17:49:08.668901Z'
17:50:02.227Z rows=4
17:50:02.227Z 01M19RHWXYZYJMM26SX0E41HXN deviceId=01M19RHWWZXKD4MWM66KAW8MSR lastReported='2026-09-13T14:45:07.132090Z'
17:50:02.227Z 01M19XN7NNQQ8S3JJF09T6YKKY deviceId=01M19XN7MXFBA3P5BT4VDY0BM6 lastReported='2026-09-13T14:44:31.278087Z'
17:50:02.227Z 01M1PRQN03X8H4MNEZQ62F76F1 deviceId=01M1PRQMZHFV4SAWT1E96B9BQ2 lastReported='2026-09-19T17:45:13.608209Z'
17:50:02.227Z 01M2DKJWVSJCHB6TTAJSW3D880 deviceId=01M2DKJWVDDHRF8ZX9HQ5B94KX lastReported='2026-09-19T17:49:08.668901Z'
17:50:07.266Z rows=4
17:50:07.266Z 01M19RHWXYZYJMM26SX0E41HXN deviceId=01M19RHWWZXKD4MWM66KAW8MSR lastReported='2026-09-13T14:45:07.132090Z'
17:50:07.266Z 01M19XN7NNQQ8S3JJF09T6YKKY deviceId=01M19XN7MXFBA3P5BT4VDY0BM6 lastReported='2026-09-13T14:44:31.278087Z'
17:50:07.266Z 01M1PRQN03X8H4MNEZQ62F76F1 deviceId=01M1PRQMZHFV4SAWT1E96B9BQ2 lastReported='2026-09-19T17:45:13.608209Z'
17:50:07.266Z 01M2DKJWVSJCHB6TTAJSW3D880 deviceId=01M2DKJWVDDHRF8ZX9HQ5B94KX lastReported='2026-09-19T17:49:08.668901Z'
17:50:12.314Z rows=4
17:50:12.314Z 01M19RHWXYZYJMM26SX0E41HXN deviceId=01M19RHWWZXKD4MWM66KAW8MSR lastReported='2026-09-13T14:45:07.132090Z'
17:50:12.314Z 01M19XN7NNQQ8S3JJF09T6YKKY deviceId=01M19XN7MXFBA3P5BT4VDY0BM6 lastReported='2026-09-13T14:44:31.278087Z'
17:50:12.314Z 01M1PRQN03X8H4MNEZQ62F76F1 deviceId=01M1PRQMZHFV4SAWT1E96B9BQ2 lastReported='2026-09-19T17:45:13.608209Z'
17:50:12.314Z 01M2DKJWVSJCHB6TTAJSW3D880 deviceId=01M2DKJWVDDHRF8ZX9HQ5B94KX lastReported='2026-09-19T17:49:08.668901Z'
17:50:17.362Z rows=4
17:50:17.362Z 01M19RHWXYZYJMM26SX0E41HXN deviceId=01M19RHWWZXKD4MWM66KAW8MSR lastReported='2026-09-13T14:45:07.132090Z'
17:50:17.362Z 01M19XN7NNQQ8S3JJF09T6YKKY deviceId=01M19XN7MXFBA3P5BT4VDY0BM6 lastReported='2026-09-19T17:50:14.585899Z'
17:50:17.362Z 01M1PRQN03X8H4MNEZQ62F76F1 deviceId=01M1PRQMZHFV4SAWT1E96B9BQ2 lastReported='2026-09-19T17:45:13.608209Z'
17:50:17.362Z 01M2DKJWVSJCHB6TTAJSW3D880 deviceId=01M2DKJWVDDHRF8ZX9HQ5B94KX lastReported='2026-09-19T17:49:08.668901Z'
17:50:22.400Z rows=4
17:50:22.400Z 01M19RHWXYZYJMM26SX0E41HXN deviceId=01M19RHWWZXKD4MWM66KAW8MSR lastReported='2026-09-13T14:45:07.132090Z'
17:50:22.400Z 01M19XN7NNQQ8S3JJF09T6YKKY deviceId=01M19XN7MXFBA3P5BT4VDY0BM6 lastReported='2026-09-19T17:50:14.585899Z'
17:50:22.400Z 01M1PRQN03X8H4MNEZQ62F76F1 deviceId=01M1PRQMZHFV4SAWT1E96B9BQ2 lastReported='2026-09-19T17:45:13.608209Z'
17:50:22.400Z 01M2DKJWVSJCHB6TTAJSW3D880 deviceId=01M2DKJWVDDHRF8ZX9HQ5B94KX lastReported='2026-09-19T17:49:08.668901Z'
17:50:27.428Z rows=4
17:50:27.428Z 01M19RHWXYZYJMM26SX0E41HXN deviceId=01M19RHWWZXKD4MWM66KAW8MSR lastReported='2026-09-13T14:45:07.132090Z'
17:50:27.428Z 01M19XN7NNQQ8S3JJF09T6YKKY deviceId=01M19XN7MXFBA3P5BT4VDY0BM6 lastReported='2026-09-19T17:50:14.585899Z'
17:50:27.428Z 01M1PRQN03X8H4MNEZQ62F76F1 deviceId=01M1PRQMZHFV4SAWT1E96B9BQ2 lastReported='2026-09-19T17:50:22.531724Z'
17:50:27.428Z 01M2DKJWVSJCHB6TTAJSW3D880 deviceId=01M2DKJWVDDHRF8ZX9HQ5B94KX lastReported='2026-09-19T17:49:08.668901Z'
17:50:32.466Z rows=4
17:50:32.466Z 01M19RHWXYZYJMM26SX0E41HXN deviceId=01M19RHWWZXKD4MWM66KAW8MSR lastReported='2026-09-13T14:45:07.132090Z'
17:50:32.466Z 01M19XN7NNQQ8S3JJF09T6YKKY deviceId=01M19XN7MXFBA3P5BT4VDY0BM6 lastReported='2026-09-19T17:50:14.585899Z'
17:50:32.466Z 01M1PRQN03X8H4MNEZQ62F76F1 deviceId=01M1PRQMZHFV4SAWT1E96B9BQ2 lastReported='2026-09-19T17:50:22.531724Z'
17:50:32.466Z 01M2DKJWVSJCHB6TTAJSW3D880 deviceId=01M2DKJWVDDHRF8ZX9HQ5B94KX lastReported='2026-09-19T17:49:08.668901Z'
17:50:37.493Z rows=4
17:50:37.493Z 01M19RHWXYZYJMM26SX0E41HXN deviceId=01M19RHWWZXKD4MWM66KAW8MSR lastReported='2026-09-13T14:45:07.132090Z'
17:50:37.493Z 01M19XN7NNQQ8S3JJF09T6YKKY deviceId=01M19XN7MXFBA3P5BT4VDY0BM6 lastReported='2026-09-19T17:50:14.585899Z'
17:50:37.493Z 01M1PRQN03X8H4MNEZQ62F76F1 deviceId=01M1PRQMZHFV4SAWT1E96B9BQ2 lastReported='2026-09-19T17:50:32.676414Z'
17:50:37.493Z 01M2DKJWVSJCHB6TTAJSW3D880 deviceId=01M2DKJWVDDHRF8ZX9HQ5B94KX lastReported='2026-09-19T17:49:08.668901Z'
17:50:42.522Z rows=4
17:50:42.522Z 01M19RHWXYZYJMM26SX0E41HXN deviceId=01M19RHWWZXKD4MWM66KAW8MSR lastReported='2026-09-13T14:45:07.132090Z'
17:50:42.522Z 01M19XN7NNQQ8S3JJF09T6YKKY deviceId=01M19XN7MXFBA3P5BT4VDY0BM6 lastReported='2026-09-19T17:50:14.585899Z'
17:50:42.522Z 01M1PRQN03X8H4MNEZQ62F76F1 deviceId=01M1PRQMZHFV4SAWT1E96B9BQ2 lastReported='2026-09-19T17:50:32.676414Z'
17:50:42.522Z 01M2DKJWVSJCHB6TTAJSW3D880 deviceId=01M2DKJWVDDHRF8ZX9HQ5B94KX lastReported='2026-09-19T17:49:08.668901Z'
17:50:47.561Z rows=4
17:50:47.561Z 01M19RHWXYZYJMM26SX0E41HXN deviceId=01M19RHWWZXKD4MWM66KAW8MSR lastReported='2026-09-13T14:45:07.132090Z'
17:50:47.561Z 01M19XN7NNQQ8S3JJF09T6YKKY deviceId=01M19XN7MXFBA3P5BT4VDY0BM6 lastReported='2026-09-19T17:50:14.585899Z'
17:50:47.561Z 01M1PRQN03X8H4MNEZQ62F76F1 deviceId=01M1PRQMZHFV4SAWT1E96B9BQ2 lastReported='2026-09-19T17:50:32.676414Z'
17:50:47.561Z 01M2DKJWVSJCHB6TTAJSW3D880 deviceId=01M2DKJWVDDHRF8ZX9HQ5B94KX lastReported='2026-09-19T17:50:44.464813Z'
17:50:52.601Z rows=4
17:50:52.601Z 01M19RHWXYZYJMM26SX0E41HXN deviceId=01M19RHWWZXKD4MWM66KAW8MSR lastReported='2026-09-13T14:45:07.132090Z'
17:50:52.601Z 01M19XN7NNQQ8S3JJF09T6YKKY deviceId=01M19XN7MXFBA3P5BT4VDY0BM6 lastReported='2026-09-19T17:50:14.585899Z'
17:50:52.601Z 01M1PRQN03X8H4MNEZQ62F76F1 deviceId=01M1PRQMZHFV4SAWT1E96B9BQ2 lastReported='2026-09-19T17:50:32.676414Z'
17:50:52.601Z 01M2DKJWVSJCHB6TTAJSW3D880 deviceId=01M2DKJWVDDHRF8ZX9HQ5B94KX lastReported='2026-09-19T17:50:49.508728Z'
17:50:57.639Z rows=4
17:50:57.639Z 01M19RHWXYZYJMM26SX0E41HXN deviceId=01M19RHWWZXKD4MWM66KAW8MSR lastReported='2026-09-13T14:45:07.132090Z'
17:50:57.639Z 01M19XN7NNQQ8S3JJF09T6YKKY deviceId=01M19XN7MXFBA3P5BT4VDY0BM6 lastReported='2026-09-19T17:50:14.585899Z'
17:50:57.639Z 01M1PRQN03X8H4MNEZQ62F76F1 deviceId=01M1PRQMZHFV4SAWT1E96B9BQ2 lastReported='2026-09-19T17:50:32.676414Z'
17:50:57.639Z 01M2DKJWVSJCHB6TTAJSW3D880 deviceId=01M2DKJWVDDHRF8ZX9HQ5B94KX lastReported='2026-09-19T17:50:54.476349Z'
17:51:02.678Z rows=4
17:51:02.678Z 01M19RHWXYZYJMM26SX0E41HXN deviceId=01M19RHWWZXKD4MWM66KAW8MSR lastReported='2026-09-13T14:45:07.132090Z'
17:51:02.678Z 01M19XN7NNQQ8S3JJF09T6YKKY deviceId=01M19XN7MXFBA3P5BT4VDY0BM6 lastReported='2026-09-19T17:50:14.585899Z'
17:51:02.678Z 01M1PRQN03X8H4MNEZQ62F76F1 deviceId=01M1PRQMZHFV4SAWT1E96B9BQ2 lastReported='2026-09-19T17:50:32.676414Z'
17:51:02.678Z 01M2DKJWVSJCHB6TTAJSW3D880 deviceId=01M2DKJWVDDHRF8ZX9HQ5B94KX lastReported='2026-09-19T17:50:59.518268Z'
17:51:07.718Z rows=4
17:51:07.718Z 01M19RHWXYZYJMM26SX0E41HXN deviceId=01M19RHWWZXKD4MWM66KAW8MSR lastReported='2026-09-13T14:45:07.132090Z'
17:51:07.718Z 01M19XN7NNQQ8S3JJF09T6YKKY deviceId=01M19XN7MXFBA3P5BT4VDY0BM6 lastReported='2026-09-19T17:50:14.585899Z'
17:51:07.718Z 01M1PRQN03X8H4MNEZQ62F76F1 deviceId=01M1PRQMZHFV4SAWT1E96B9BQ2 lastReported='2026-09-19T17:50:32.676414Z'
17:51:07.718Z 01M2DKJWVSJCHB6TTAJSW3D880 deviceId=01M2DKJWVDDHRF8ZX9HQ5B94KX lastReported='2026-09-19T17:51:04.486855Z'
17:51:12.758Z rows=4
17:51:12.758Z 01M19RHWXYZYJMM26SX0E41HXN deviceId=01M19RHWWZXKD4MWM66KAW8MSR lastReported='2026-09-13T14:45:07.132090Z'
17:51:12.758Z 01M19XN7NNQQ8S3JJF09T6YKKY deviceId=01M19XN7MXFBA3P5BT4VDY0BM6 lastReported='2026-09-19T17:50:14.585899Z'
17:51:12.758Z 01M1PRQN03X8H4MNEZQ62F76F1 deviceId=01M1PRQMZHFV4SAWT1E96B9BQ2 lastReported='2026-09-19T17:50:32.676414Z'
17:51:12.758Z 01M2DKJWVSJCHB6TTAJSW3D880 deviceId=01M2DKJWVDDHRF8ZX9HQ5B94KX lastReported='2026-09-19T17:51:09.529214Z'
17:51:17.799Z rows=4
17:51:17.799Z 01M19RHWXYZYJMM26SX0E41HXN deviceId=01M19RHWWZXKD4MWM66KAW8MSR lastReported='2026-09-13T14:45:07.132090Z'
17:51:17.799Z 01M19XN7NNQQ8S3JJF09T6YKKY deviceId=01M19XN7MXFBA3P5BT4VDY0BM6 lastReported='2026-09-19T17:51:16.118046Z'
17:51:17.799Z 01M1PRQN03X8H4MNEZQ62F76F1 deviceId=01M1PRQMZHFV4SAWT1E96B9BQ2 lastReported='2026-09-19T17:50:32.676414Z'
17:51:17.799Z 01M2DKJWVSJCHB6TTAJSW3D880 deviceId=01M2DKJWVDDHRF8ZX9HQ5B94KX lastReported='2026-09-19T17:51:14.498772Z'
17:51:22.827Z rows=4
17:51:22.827Z 01M19RHWXYZYJMM26SX0E41HXN deviceId=01M19RHWWZXKD4MWM66KAW8MSR lastReported='2026-09-13T14:45:07.132090Z'
17:51:22.827Z 01M19XN7NNQQ8S3JJF09T6YKKY deviceId=01M19XN7MXFBA3P5BT4VDY0BM6 lastReported='2026-09-19T17:51:16.118046Z'
17:51:22.827Z 01M1PRQN03X8H4MNEZQ62F76F1 deviceId=01M1PRQMZHFV4SAWT1E96B9BQ2 lastReported='2026-09-19T17:50:32.676414Z'
17:51:22.827Z 01M2DKJWVSJCHB6TTAJSW3D880 deviceId=01M2DKJWVDDHRF8ZX9HQ5B94KX lastReported='2026-09-19T17:51:19.539212Z'
17:51:27.866Z rows=4
17:51:27.866Z 01M19RHWXYZYJMM26SX0E41HXN deviceId=01M19RHWWZXKD4MWM66KAW8MSR lastReported='2026-09-13T14:45:07.132090Z'
17:51:27.866Z 01M19XN7NNQQ8S3JJF09T6YKKY deviceId=01M19XN7MXFBA3P5BT4VDY0BM6 lastReported='2026-09-19T17:51:16.118046Z'
17:51:27.866Z 01M1PRQN03X8H4MNEZQ62F76F1 deviceId=01M1PRQMZHFV4SAWT1E96B9BQ2 lastReported='2026-09-19T17:50:32.676414Z'
17:51:27.866Z 01M2DKJWVSJCHB6TTAJSW3D880 deviceId=01M2DKJWVDDHRF8ZX9HQ5B94KX lastReported='2026-09-19T17:51:24.508610Z'
17:51:32.895Z rows=4
17:51:32.895Z 01M19RHWXYZYJMM26SX0E41HXN deviceId=01M19RHWWZXKD4MWM66KAW8MSR lastReported='2026-09-13T14:45:07.132090Z'
17:51:32.895Z 01M19XN7NNQQ8S3JJF09T6YKKY deviceId=01M19XN7MXFBA3P5BT4VDY0BM6 lastReported='2026-09-19T17:51:16.118046Z'
17:51:32.895Z 01M1PRQN03X8H4MNEZQ62F76F1 deviceId=01M1PRQMZHFV4SAWT1E96B9BQ2 lastReported='2026-09-19T17:50:32.676414Z'
17:51:32.895Z 01M2DKJWVSJCHB6TTAJSW3D880 deviceId=01M2DKJWVDDHRF8ZX9HQ5B94KX lastReported='2026-09-19T17:51:29.548420Z'
17:51:37.934Z rows=4
17:51:37.934Z 01M19RHWXYZYJMM26SX0E41HXN deviceId=01M19RHWWZXKD4MWM66KAW8MSR lastReported='2026-09-13T14:45:07.132090Z'
17:51:37.934Z 01M19XN7NNQQ8S3JJF09T6YKKY deviceId=01M19XN7MXFBA3P5BT4VDY0BM6 lastReported='2026-09-19T17:51:16.118046Z'
17:51:37.934Z 01M1PRQN03X8H4MNEZQ62F76F1 deviceId=01M1PRQMZHFV4SAWT1E96B9BQ2 lastReported='2026-09-19T17:50:32.676414Z'
17:51:37.934Z 01M2DKJWVSJCHB6TTAJSW3D880 deviceId=01M2DKJWVDDHRF8ZX9HQ5B94KX lastReported='2026-09-19T17:51:34.516572Z'
17:51:42.973Z rows=4
17:51:42.973Z 01M19RHWXYZYJMM26SX0E41HXN deviceId=01M19RHWWZXKD4MWM66KAW8MSR lastReported='2026-09-13T14:45:07.132090Z'
17:51:42.973Z 01M19XN7NNQQ8S3JJF09T6YKKY deviceId=01M19XN7MXFBA3P5BT4VDY0BM6 lastReported='2026-09-19T17:51:16.118046Z'
17:51:42.973Z 01M1PRQN03X8H4MNEZQ62F76F1 deviceId=01M1PRQMZHFV4SAWT1E96B9BQ2 lastReported='2026-09-19T17:50:32.676414Z'
17:51:42.973Z 01M2DKJWVSJCHB6TTAJSW3D880 deviceId=01M2DKJWVDDHRF8ZX9HQ5B94KX lastReported='2026-09-19T17:51:39.559485Z'
17:51:48.011Z rows=4
17:51:48.011Z 01M19RHWXYZYJMM26SX0E41HXN deviceId=01M19RHWWZXKD4MWM66KAW8MSR lastReported='2026-09-13T14:45:07.132090Z'
17:51:48.011Z 01M19XN7NNQQ8S3JJF09T6YKKY deviceId=01M19XN7MXFBA3P5BT4VDY0BM6 lastReported='2026-09-19T17:51:16.118046Z'
17:51:48.011Z 01M1PRQN03X8H4MNEZQ62F76F1 deviceId=01M1PRQMZHFV4SAWT1E96B9BQ2 lastReported='2026-09-19T17:51:47.789871Z'
17:51:48.011Z 01M2DKJWVSJCHB6TTAJSW3D880 deviceId=01M2DKJWVDDHRF8ZX9HQ5B94KX lastReported='2026-09-19T17:51:44.528636Z'
17:51:53.052Z rows=4
17:51:53.052Z 01M19RHWXYZYJMM26SX0E41HXN deviceId=01M19RHWWZXKD4MWM66KAW8MSR lastReported='2026-09-13T14:45:07.132090Z'
17:51:53.052Z 01M19XN7NNQQ8S3JJF09T6YKKY deviceId=01M19XN7MXFBA3P5BT4VDY0BM6 lastReported='2026-09-19T17:51:16.118046Z'
17:51:53.052Z 01M1PRQN03X8H4MNEZQ62F76F1 deviceId=01M1PRQMZHFV4SAWT1E96B9BQ2 lastReported='2026-09-19T17:51:47.789871Z'
17:51:53.052Z 01M2DKJWVSJCHB6TTAJSW3D880 deviceId=01M2DKJWVDDHRF8ZX9HQ5B94KX lastReported='2026-09-19T17:51:49.573653Z'
17:51:58.079Z rows=4
17:51:58.079Z 01M19RHWXYZYJMM26SX0E41HXN deviceId=01M19RHWWZXKD4MWM66KAW8MSR lastReported='2026-09-13T14:45:07.132090Z'
17:51:58.079Z 01M19XN7NNQQ8S3JJF09T6YKKY deviceId=01M19XN7MXFBA3P5BT4VDY0BM6 lastReported='2026-09-19T17:51:16.118046Z'
17:51:58.079Z 01M1PRQN03X8H4MNEZQ62F76F1 deviceId=01M1PRQMZHFV4SAWT1E96B9BQ2 lastReported='2026-09-19T17:51:57.919359Z'
17:51:58.079Z 01M2DKJWVSJCHB6TTAJSW3D880 deviceId=01M2DKJWVDDHRF8ZX9HQ5B94KX lastReported='2026-09-19T17:51:54.537084Z'
17:52:03.118Z rows=4
17:52:03.118Z 01M19RHWXYZYJMM26SX0E41HXN deviceId=01M19RHWWZXKD4MWM66KAW8MSR lastReported='2026-09-13T14:45:07.132090Z'
17:52:03.118Z 01M19XN7NNQQ8S3JJF09T6YKKY deviceId=01M19XN7MXFBA3P5BT4VDY0BM6 lastReported='2026-09-19T17:51:16.118046Z'
17:52:03.118Z 01M1PRQN03X8H4MNEZQ62F76F1 deviceId=01M1PRQMZHFV4SAWT1E96B9BQ2 lastReported='2026-09-19T17:51:57.919359Z'
17:52:03.118Z 01M2DKJWVSJCHB6TTAJSW3D880 deviceId=01M2DKJWVDDHRF8ZX9HQ5B94KX lastReported='2026-09-19T17:51:54.537084Z'
17:52:08.158Z rows=4
17:52:08.158Z 01M19RHWXYZYJMM26SX0E41HXN deviceId=01M19RHWWZXKD4MWM66KAW8MSR lastReported='2026-09-13T14:45:07.132090Z'
17:52:08.158Z 01M19XN7NNQQ8S3JJF09T6YKKY deviceId=01M19XN7MXFBA3P5BT4VDY0BM6 lastReported='2026-09-19T17:52:04.152683Z'
17:52:08.158Z 01M1PRQN03X8H4MNEZQ62F76F1 deviceId=01M1PRQMZHFV4SAWT1E96B9BQ2 lastReported='2026-09-19T17:51:57.919359Z'
17:52:08.158Z 01M2DKJWVSJCHB6TTAJSW3D880 deviceId=01M2DKJWVDDHRF8ZX9HQ5B94KX lastReported='2026-09-19T17:52:05.138753Z'
17:52:13.195Z rows=4
17:52:13.195Z 01M19RHWXYZYJMM26SX0E41HXN deviceId=01M19RHWWZXKD4MWM66KAW8MSR lastReported='2026-09-13T14:45:07.132090Z'
17:52:13.195Z 01M19XN7NNQQ8S3JJF09T6YKKY deviceId=01M19XN7MXFBA3P5BT4VDY0BM6 lastReported='2026-09-19T17:52:04.152683Z'
17:52:13.195Z 01M1PRQN03X8H4MNEZQ62F76F1 deviceId=01M1PRQMZHFV4SAWT1E96B9BQ2 lastReported='2026-09-19T17:51:57.919359Z'
17:52:13.195Z 01M2DKJWVSJCHB6TTAJSW3D880 deviceId=01M2DKJWVDDHRF8ZX9HQ5B94KX lastReported='2026-09-19T17:52:05.138753Z'
17:52:18.236Z rows=4
17:52:18.236Z 01M19RHWXYZYJMM26SX0E41HXN deviceId=01M19RHWWZXKD4MWM66KAW8MSR lastReported='2026-09-13T14:45:07.132090Z'
17:52:18.236Z 01M19XN7NNQQ8S3JJF09T6YKKY deviceId=01M19XN7MXFBA3P5BT4VDY0BM6 lastReported='2026-09-19T17:52:04.152683Z'
17:52:18.236Z 01M1PRQN03X8H4MNEZQ62F76F1 deviceId=01M1PRQMZHFV4SAWT1E96B9BQ2 lastReported='2026-09-19T17:51:57.919359Z'
17:52:18.236Z 01M2DKJWVSJCHB6TTAJSW3D880 deviceId=01M2DKJWVDDHRF8ZX9HQ5B94KX lastReported='2026-09-19T17:52:15.219517Z'
17:52:23.275Z rows=4
17:52:23.275Z 01M19RHWXYZYJMM26SX0E41HXN deviceId=01M19RHWWZXKD4MWM66KAW8MSR lastReported='2026-09-13T14:45:07.132090Z'
17:52:23.275Z 01M19XN7NNQQ8S3JJF09T6YKKY deviceId=01M19XN7MXFBA3P5BT4VDY0BM6 lastReported='2026-09-19T17:52:04.152683Z'
17:52:23.275Z 01M1PRQN03X8H4MNEZQ62F76F1 deviceId=01M1PRQMZHFV4SAWT1E96B9BQ2 lastReported='2026-09-19T17:51:57.919359Z'
17:52:23.275Z 01M2DKJWVSJCHB6TTAJSW3D880 deviceId=01M2DKJWVDDHRF8ZX9HQ5B94KX lastReported='2026-09-19T17:52:20.263243Z'
17:52:28.315Z rows=4
17:52:28.315Z 01M19RHWXYZYJMM26SX0E41HXN deviceId=01M19RHWWZXKD4MWM66KAW8MSR lastReported='2026-09-13T14:45:07.132090Z'
17:52:28.315Z 01M19XN7NNQQ8S3JJF09T6YKKY deviceId=01M19XN7MXFBA3P5BT4VDY0BM6 lastReported='2026-09-19T17:52:04.152683Z'
17:52:28.315Z 01M1PRQN03X8H4MNEZQ62F76F1 deviceId=01M1PRQMZHFV4SAWT1E96B9BQ2 lastReported='2026-09-19T17:51:57.919359Z'
17:52:28.315Z 01M2DKJWVSJCHB6TTAJSW3D880 deviceId=01M2DKJWVDDHRF8ZX9HQ5B94KX lastReported='2026-09-19T17:52:20.263243Z'
17:52:33.354Z rows=4
17:52:33.354Z 01M19RHWXYZYJMM26SX0E41HXN deviceId=01M19RHWWZXKD4MWM66KAW8MSR lastReported='2026-09-13T14:45:07.132090Z'
17:52:33.354Z 01M19XN7NNQQ8S3JJF09T6YKKY deviceId=01M19XN7MXFBA3P5BT4VDY0BM6 lastReported='2026-09-19T17:52:04.152683Z'
17:52:33.354Z 01M1PRQN03X8H4MNEZQ62F76F1 deviceId=01M1PRQMZHFV4SAWT1E96B9BQ2 lastReported='2026-09-19T17:51:57.919359Z'
17:52:33.354Z 01M2DKJWVSJCHB6TTAJSW3D880 deviceId=01M2DKJWVDDHRF8ZX9HQ5B94KX lastReported='2026-09-19T17:52:30.344826Z'
17:52:38.394Z rows=4
17:52:38.394Z 01M19RHWXYZYJMM26SX0E41HXN deviceId=01M19RHWWZXKD4MWM66KAW8MSR lastReported='2026-09-13T14:45:07.132090Z'
17:52:38.394Z 01M19XN7NNQQ8S3JJF09T6YKKY deviceId=01M19XN7MXFBA3P5BT4VDY0BM6 lastReported='2026-09-19T17:52:04.152683Z'
17:52:38.394Z 01M1PRQN03X8H4MNEZQ62F76F1 deviceId=01M1PRQMZHFV4SAWT1E96B9BQ2 lastReported='2026-09-19T17:51:57.919359Z'
17:52:38.394Z 01M2DKJWVSJCHB6TTAJSW3D880 deviceId=01M2DKJWVDDHRF8ZX9HQ5B94KX lastReported='2026-09-19T17:52:30.344826Z'
17:52:43.433Z rows=4
17:52:43.433Z 01M19RHWXYZYJMM26SX0E41HXN deviceId=01M19RHWWZXKD4MWM66KAW8MSR lastReported='2026-09-13T14:45:07.132090Z'
17:52:43.433Z 01M19XN7NNQQ8S3JJF09T6YKKY deviceId=01M19XN7MXFBA3P5BT4VDY0BM6 lastReported='2026-09-19T17:52:04.152683Z'
17:52:43.433Z 01M1PRQN03X8H4MNEZQ62F76F1 deviceId=01M1PRQMZHFV4SAWT1E96B9BQ2 lastReported='2026-09-19T17:51:57.919359Z'
17:52:43.433Z 01M2DKJWVSJCHB6TTAJSW3D880 deviceId=01M2DKJWVDDHRF8ZX9HQ5B94KX lastReported='2026-09-19T17:52:30.344826Z'
17:52:48.472Z rows=4
17:52:48.472Z 01M19RHWXYZYJMM26SX0E41HXN deviceId=01M19RHWWZXKD4MWM66KAW8MSR lastReported='2026-09-13T14:45:07.132090Z'
17:52:48.472Z 01M19XN7NNQQ8S3JJF09T6YKKY deviceId=01M19XN7MXFBA3P5BT4VDY0BM6 lastReported='2026-09-19T17:52:04.152683Z'
17:52:48.472Z 01M1PRQN03X8H4MNEZQ62F76F1 deviceId=01M1PRQMZHFV4SAWT1E96B9BQ2 lastReported='2026-09-19T17:51:57.919359Z'
17:52:48.472Z 01M2DKJWVSJCHB6TTAJSW3D880 deviceId=01M2DKJWVDDHRF8ZX9HQ5B94KX lastReported='2026-09-19T17:52:30.344826Z'
17:52:53.511Z rows=4
17:52:53.511Z 01M19RHWXYZYJMM26SX0E41HXN deviceId=01M19RHWWZXKD4MWM66KAW8MSR lastReported='2026-09-13T14:45:07.132090Z'
17:52:53.511Z 01M19XN7NNQQ8S3JJF09T6YKKY deviceId=01M19XN7MXFBA3P5BT4VDY0BM6 lastReported='2026-09-19T17:52:04.152683Z'
17:52:53.511Z 01M1PRQN03X8H4MNEZQ62F76F1 deviceId=01M1PRQMZHFV4SAWT1E96B9BQ2 lastReported='2026-09-19T17:51:57.919359Z'
17:52:53.511Z 01M2DKJWVSJCHB6TTAJSW3D880 deviceId=01M2DKJWVDDHRF8ZX9HQ5B94KX lastReported='2026-09-19T17:52:50.515968Z'
17:52:58.549Z rows=4
17:52:58.549Z 01M19RHWXYZYJMM26SX0E41HXN deviceId=01M19RHWWZXKD4MWM66KAW8MSR lastReported='2026-09-13T14:45:07.132090Z'
17:52:58.549Z 01M19XN7NNQQ8S3JJF09T6YKKY deviceId=01M19XN7MXFBA3P5BT4VDY0BM6 lastReported='2026-09-19T17:52:04.152683Z'
17:52:58.549Z 01M1PRQN03X8H4MNEZQ62F76F1 deviceId=01M1PRQMZHFV4SAWT1E96B9BQ2 lastReported='2026-09-19T17:51:57.919359Z'
17:52:58.549Z 01M2DKJWVSJCHB6TTAJSW3D880 deviceId=01M2DKJWVDDHRF8ZX9HQ5B94KX lastReported='2026-09-19T17:52:55.553108Z'
17:53:03.589Z rows=4
17:53:03.589Z 01M19RHWXYZYJMM26SX0E41HXN deviceId=01M19RHWWZXKD4MWM66KAW8MSR lastReported='2026-09-13T14:45:07.132090Z'
17:53:03.589Z 01M19XN7NNQQ8S3JJF09T6YKKY deviceId=01M19XN7MXFBA3P5BT4VDY0BM6 lastReported='2026-09-19T17:52:04.152683Z'
17:53:03.589Z 01M1PRQN03X8H4MNEZQ62F76F1 deviceId=01M1PRQMZHFV4SAWT1E96B9BQ2 lastReported='2026-09-19T17:51:57.919359Z'
17:53:03.589Z 01M2DKJWVSJCHB6TTAJSW3D880 deviceId=01M2DKJWVDDHRF8ZX9HQ5B94KX lastReported='2026-09-19T17:52:55.553108Z'
17:53:08.629Z rows=4
17:53:08.629Z 01M19RHWXYZYJMM26SX0E41HXN deviceId=01M19RHWWZXKD4MWM66KAW8MSR lastReported='2026-09-13T14:45:07.132090Z'
17:53:08.629Z 01M19XN7NNQQ8S3JJF09T6YKKY deviceId=01M19XN7MXFBA3P5BT4VDY0BM6 lastReported='2026-09-19T17:53:05.985593Z'
17:53:08.629Z 01M1PRQN03X8H4MNEZQ62F76F1 deviceId=01M1PRQMZHFV4SAWT1E96B9BQ2 lastReported='2026-09-19T17:51:57.919359Z'
17:53:08.629Z 01M2DKJWVSJCHB6TTAJSW3D880 deviceId=01M2DKJWVDDHRF8ZX9HQ5B94KX lastReported='2026-09-19T17:53:05.636161Z'
17:53:13.669Z rows=4
17:53:13.669Z 01M19RHWXYZYJMM26SX0E41HXN deviceId=01M19RHWWZXKD4MWM66KAW8MSR lastReported='2026-09-13T14:45:07.132090Z'
17:53:13.669Z 01M19XN7NNQQ8S3JJF09T6YKKY deviceId=01M19XN7MXFBA3P5BT4VDY0BM6 lastReported='2026-09-19T17:53:05.985593Z'
17:53:13.669Z 01M1PRQN03X8H4MNEZQ62F76F1 deviceId=01M1PRQMZHFV4SAWT1E96B9BQ2 lastReported='2026-09-19T17:51:57.919359Z'
17:53:13.669Z 01M2DKJWVSJCHB6TTAJSW3D880 deviceId=01M2DKJWVDDHRF8ZX9HQ5B94KX lastReported='2026-09-19T17:53:05.636161Z'
17:53:18.708Z rows=4
17:53:18.708Z 01M19RHWXYZYJMM26SX0E41HXN deviceId=01M19RHWWZXKD4MWM66KAW8MSR lastReported='2026-09-13T14:45:07.132090Z'
17:53:18.708Z 01M19XN7NNQQ8S3JJF09T6YKKY deviceId=01M19XN7MXFBA3P5BT4VDY0BM6 lastReported='2026-09-19T17:53:05.985593Z'
17:53:18.708Z 01M1PRQN03X8H4MNEZQ62F76F1 deviceId=01M1PRQMZHFV4SAWT1E96B9BQ2 lastReported='2026-09-19T17:53:15.982756Z'
17:53:18.708Z 01M2DKJWVSJCHB6TTAJSW3D880 deviceId=01M2DKJWVDDHRF8ZX9HQ5B94KX lastReported='2026-09-19T17:53:05.636161Z'
