15:10:59.686 [integration-zigbee-0] WARN  c.h.integration.zigbee.AshSession -- zigbee.ash_frame_rejected: CRC mismatch: computed 0xF2B8, received 0x9487 crcRejects=64 retransmits=0
15:29:06.997 [integration-zigbee-0] WARN  c.h.integration.zigbee.AshSession -- zigbee.ash_frame_rejected: CRC mismatch: computed 0x1445, received 0xDEF5 crcRejects=65 retransmits=0
15:29:34.875 [hs-sub-automation_engine] INFO  c.h.automation.StandardRunManager -- automation.run_handoff: runId=01M3FK3G4SWQ1G8XAGBZQPEEQ8 automationId=01M2ZR8EG9FW8CYJP6SJ9DBBHE mode=admitted thread=automation-run-01M2ZR8EG9FW8CYJP6SJ9DBBHE-01M3FK3G4SWQ1G8XAGBZQPEEQ8
15:29:34.876 [automation-run-01M2ZR8EG9FW8CYJP6SJ9DBBHE-01M3FK3G4SWQ1G8XAGBZQPEEQ8] INFO  c.h.automation.StandardRunManager -- automation.run_body_entered: runId=01M3FK3G4SWQ1G8XAGBZQPEEQ8 automationId=01M2ZR8EG9FW8CYJP6SJ9DBBHE thread=automation-run-01M2ZR8EG9FW8CYJP6SJ9DBBHE-01M3FK3G4SWQ1G8XAGBZQPEEQ8
15:29:34.876 [automation-run-01M2ZR8EG9FW8CYJP6SJ9DBBHE-01M3FK3G4SWQ1G8XAGBZQPEEQ8] INFO  c.h.a.StandardActionExecutor -- automation.action_step_started: runId=01M3FK3G4SWQ1G8XAGBZQPEEQ8 automationId=01M2ZR8EG9FW8CYJP6SJ9DBBHE index=0 type=CommandAction
15:29:34.878 [automation-run-01M2ZR8EG9FW8CYJP6SJ9DBBHE-01M3FK3G4SWQ1G8XAGBZQPEEQ8] INFO  c.h.a.StandardActionExecutor -- automation.action_step_started: runId=01M3FK3G4SWQ1G8XAGBZQPEEQ8 automationId=01M2ZR8EG9FW8CYJP6SJ9DBBHE index=1 type=DelayAction
15:29:40.880 [automation-run-01M2ZR8EG9FW8CYJP6SJ9DBBHE-01M3FK3G4SWQ1G8XAGBZQPEEQ8] INFO  c.h.a.StandardActionExecutor -- automation.action_step_started: runId=01M3FK3G4SWQ1G8XAGBZQPEEQ8 automationId=01M2ZR8EG9FW8CYJP6SJ9DBBHE index=2 type=CommandAction
15:29:40.882 [automation-run-01M2ZR8EG9FW8CYJP6SJ9DBBHE-01M3FK3G4SWQ1G8XAGBZQPEEQ8] INFO  c.h.a.StandardActionExecutor -- automation.action_step_started: runId=01M3FK3G4SWQ1G8XAGBZQPEEQ8 automationId=01M2ZR8EG9FW8CYJP6SJ9DBBHE index=3 type=DelayAction
15:29:46.884 [automation-run-01M2ZR8EG9FW8CYJP6SJ9DBBHE-01M3FK3G4SWQ1G8XAGBZQPEEQ8] INFO  c.h.a.StandardActionExecutor -- automation.action_step_started: runId=01M3FK3G4SWQ1G8XAGBZQPEEQ8 automationId=01M2ZR8EG9FW8CYJP6SJ9DBBHE index=4 type=CommandAction
15:29:46.886 [automation-run-01M2ZR8EG9FW8CYJP6SJ9DBBHE-01M3FK3G4SWQ1G8XAGBZQPEEQ8] INFO  c.h.a.StandardActionExecutor -- automation.action_step_started: runId=01M3FK3G4SWQ1G8XAGBZQPEEQ8 automationId=01M2ZR8EG9FW8CYJP6SJ9DBBHE index=5 type=DelayAction
15:29:48.888 [automation-run-01M2ZR8EG9FW8CYJP6SJ9DBBHE-01M3FK3G4SWQ1G8XAGBZQPEEQ8] INFO  c.h.a.StandardActionExecutor -- automation.action_step_started: runId=01M3FK3G4SWQ1G8XAGBZQPEEQ8 automationId=01M2ZR8EG9FW8CYJP6SJ9DBBHE index=6 type=CommandAction
15:29:48.890 [automation-run-01M2ZR8EG9FW8CYJP6SJ9DBBHE-01M3FK3G4SWQ1G8XAGBZQPEEQ8] INFO  c.h.a.StandardActionExecutor -- automation.action_step_started: runId=01M3FK3G4SWQ1G8XAGBZQPEEQ8 automationId=01M2ZR8EG9FW8CYJP6SJ9DBBHE index=7 type=DelayAction
15:30:08.892 [automation-run-01M2ZR8EG9FW8CYJP6SJ9DBBHE-01M3FK3G4SWQ1G8XAGBZQPEEQ8] INFO  c.h.a.StandardActionExecutor -- automation.action_step_started: runId=01M3FK3G4SWQ1G8XAGBZQPEEQ8 automationId=01M2ZR8EG9FW8CYJP6SJ9DBBHE index=8 type=CommandAction
15:40:40.393 [hs-sub-automation_engine] INFO  c.h.automation.StandardRunManager -- automation.run_handoff: runId=01M3FKQT280QWWBH7BT1ST1KBY automationId=01M2ZR8EG9FW8CYJP6SJ9DBBHE mode=admitted thread=automation-run-01M2ZR8EG9FW8CYJP6SJ9DBBHE-01M3FKQT280QWWBH7BT1ST1KBY
15:40:40.393 [automation-run-01M2ZR8EG9FW8CYJP6SJ9DBBHE-01M3FKQT280QWWBH7BT1ST1KBY] INFO  c.h.automation.StandardRunManager -- automation.run_body_entered: runId=01M3FKQT280QWWBH7BT1ST1KBY automationId=01M2ZR8EG9FW8CYJP6SJ9DBBHE thread=automation-run-01M2ZR8EG9FW8CYJP6SJ9DBBHE-01M3FKQT280QWWBH7BT1ST1KBY
15:40:40.393 [automation-run-01M2ZR8EG9FW8CYJP6SJ9DBBHE-01M3FKQT280QWWBH7BT1ST1KBY] INFO  c.h.a.StandardActionExecutor -- automation.action_step_started: runId=01M3FKQT280QWWBH7BT1ST1KBY automationId=01M2ZR8EG9FW8CYJP6SJ9DBBHE index=0 type=CommandAction
15:40:40.395 [automation-run-01M2ZR8EG9FW8CYJP6SJ9DBBHE-01M3FKQT280QWWBH7BT1ST1KBY] INFO  c.h.a.StandardActionExecutor -- automation.action_step_started: runId=01M3FKQT280QWWBH7BT1ST1KBY automationId=01M2ZR8EG9FW8CYJP6SJ9DBBHE index=1 type=DelayAction
15:40:46.397 [automation-run-01M2ZR8EG9FW8CYJP6SJ9DBBHE-01M3FKQT280QWWBH7BT1ST1KBY] INFO  c.h.a.StandardActionExecutor -- automation.action_step_started: runId=01M3FKQT280QWWBH7BT1ST1KBY automationId=01M2ZR8EG9FW8CYJP6SJ9DBBHE index=2 type=CommandAction
15:40:46.399 [automation-run-01M2ZR8EG9FW8CYJP6SJ9DBBHE-01M3FKQT280QWWBH7BT1ST1KBY] INFO  c.h.a.StandardActionExecutor -- automation.action_step_started: runId=01M3FKQT280QWWBH7BT1ST1KBY automationId=01M2ZR8EG9FW8CYJP6SJ9DBBHE index=3 type=DelayAction
15:40:52.401 [automation-run-01M2ZR8EG9FW8CYJP6SJ9DBBHE-01M3FKQT280QWWBH7BT1ST1KBY] INFO  c.h.a.StandardActionExecutor -- automation.action_step_started: runId=01M3FKQT280QWWBH7BT1ST1KBY automationId=01M2ZR8EG9FW8CYJP6SJ9DBBHE index=4 type=CommandAction
15:40:52.403 [automation-run-01M2ZR8EG9FW8CYJP6SJ9DBBHE-01M3FKQT280QWWBH7BT1ST1KBY] INFO  c.h.a.StandardActionExecutor -- automation.action_step_started: runId=01M3FKQT280QWWBH7BT1ST1KBY automationId=01M2ZR8EG9FW8CYJP6SJ9DBBHE index=5 type=DelayAction
15:40:54.405 [automation-run-01M2ZR8EG9FW8CYJP6SJ9DBBHE-01M3FKQT280QWWBH7BT1ST1KBY] INFO  c.h.a.StandardActionExecutor -- automation.action_step_started: runId=01M3FKQT280QWWBH7BT1ST1KBY automationId=01M2ZR8EG9FW8CYJP6SJ9DBBHE index=6 type=CommandAction
15:40:54.407 [automation-run-01M2ZR8EG9FW8CYJP6SJ9DBBHE-01M3FKQT280QWWBH7BT1ST1KBY] INFO  c.h.a.StandardActionExecutor -- automation.action_step_started: runId=01M3FKQT280QWWBH7BT1ST1KBY automationId=01M2ZR8EG9FW8CYJP6SJ9DBBHE index=7 type=DelayAction
15:41:14.409 [automation-run-01M2ZR8EG9FW8CYJP6SJ9DBBHE-01M3FKQT280QWWBH7BT1ST1KBY] INFO  c.h.a.StandardActionExecutor -- automation.action_step_started: runId=01M3FKQT280QWWBH7BT1ST1KBY automationId=01M2ZR8EG9FW8CYJP6SJ9DBBHE index=8 type=CommandAction
15:51:09.373 [hs-sub-automation_engine] INFO  c.h.automation.StandardRunManager -- automation.run_handoff: runId=01M3FMB09W9BTNMZV3WXNJARV4 automationId=01M2ZR8EG9FW8CYJP6SJ9DBBHE mode=admitted thread=automation-run-01M2ZR8EG9FW8CYJP6SJ9DBBHE-01M3FMB09W9BTNMZV3WXNJARV4
15:51:09.373 [automation-run-01M2ZR8EG9FW8CYJP6SJ9DBBHE-01M3FMB09W9BTNMZV3WXNJARV4] INFO  c.h.automation.StandardRunManager -- automation.run_body_entered: runId=01M3FMB09W9BTNMZV3WXNJARV4 automationId=01M2ZR8EG9FW8CYJP6SJ9DBBHE thread=automation-run-01M2ZR8EG9FW8CYJP6SJ9DBBHE-01M3FMB09W9BTNMZV3WXNJARV4
15:51:09.373 [automation-run-01M2ZR8EG9FW8CYJP6SJ9DBBHE-01M3FMB09W9BTNMZV3WXNJARV4] INFO  c.h.a.StandardActionExecutor -- automation.action_step_started: runId=01M3FMB09W9BTNMZV3WXNJARV4 automationId=01M2ZR8EG9FW8CYJP6SJ9DBBHE index=0 type=CommandAction
15:51:09.375 [automation-run-01M2ZR8EG9FW8CYJP6SJ9DBBHE-01M3FMB09W9BTNMZV3WXNJARV4] INFO  c.h.a.StandardActionExecutor -- automation.action_step_started: runId=01M3FMB09W9BTNMZV3WXNJARV4 automationId=01M2ZR8EG9FW8CYJP6SJ9DBBHE index=1 type=DelayAction
15:51:15.377 [automation-run-01M2ZR8EG9FW8CYJP6SJ9DBBHE-01M3FMB09W9BTNMZV3WXNJARV4] INFO  c.h.a.StandardActionExecutor -- automation.action_step_started: runId=01M3FMB09W9BTNMZV3WXNJARV4 automationId=01M2ZR8EG9FW8CYJP6SJ9DBBHE index=2 type=CommandAction
15:51:15.380 [automation-run-01M2ZR8EG9FW8CYJP6SJ9DBBHE-01M3FMB09W9BTNMZV3WXNJARV4] INFO  c.h.a.StandardActionExecutor -- automation.action_step_started: runId=01M3FMB09W9BTNMZV3WXNJARV4 automationId=01M2ZR8EG9FW8CYJP6SJ9DBBHE index=3 type=DelayAction
15:51:21.382 [automation-run-01M2ZR8EG9FW8CYJP6SJ9DBBHE-01M3FMB09W9BTNMZV3WXNJARV4] INFO  c.h.a.StandardActionExecutor -- automation.action_step_started: runId=01M3FMB09W9BTNMZV3WXNJARV4 automationId=01M2ZR8EG9FW8CYJP6SJ9DBBHE index=4 type=CommandAction
15:51:21.383 [automation-run-01M2ZR8EG9FW8CYJP6SJ9DBBHE-01M3FMB09W9BTNMZV3WXNJARV4] INFO  c.h.a.StandardActionExecutor -- automation.action_step_started: runId=01M3FMB09W9BTNMZV3WXNJARV4 automationId=01M2ZR8EG9FW8CYJP6SJ9DBBHE index=5 type=DelayAction
15:51:23.385 [automation-run-01M2ZR8EG9FW8CYJP6SJ9DBBHE-01M3FMB09W9BTNMZV3WXNJARV4] INFO  c.h.a.StandardActionExecutor -- automation.action_step_started: runId=01M3FMB09W9BTNMZV3WXNJARV4 automationId=01M2ZR8EG9FW8CYJP6SJ9DBBHE index=6 type=CommandAction
15:51:23.387 [automation-run-01M2ZR8EG9FW8CYJP6SJ9DBBHE-01M3FMB09W9BTNMZV3WXNJARV4] INFO  c.h.a.StandardActionExecutor -- automation.action_step_started: runId=01M3FMB09W9BTNMZV3WXNJARV4 automationId=01M2ZR8EG9FW8CYJP6SJ9DBBHE index=7 type=DelayAction
15:51:43.389 [automation-run-01M2ZR8EG9FW8CYJP6SJ9DBBHE-01M3FMB09W9BTNMZV3WXNJARV4] INFO  c.h.a.StandardActionExecutor -- automation.action_step_started: runId=01M3FMB09W9BTNMZV3WXNJARV4 automationId=01M2ZR8EG9FW8CYJP6SJ9DBBHE index=8 type=CommandAction
16:06:06.947 [integration-zigbee-0] WARN  c.h.integration.zigbee.AshSession -- zigbee.ash_frame_rejected: CRC mismatch: computed 0x09E8, received 0x4534 crcRejects=66 retransmits=0
16:18:30.503 [integration-zigbee-0] WARN  c.h.integration.zigbee.AshSession -- zigbee.ash_frame_rejected: CRC mismatch: computed 0x325D, received 0x4745 crcRejects=67 retransmits=0
16:28:31.787 [integration-zigbee-0] WARN  c.h.integration.zigbee.AshSession -- zigbee.ash_frame_rejected: CRC mismatch: computed 0x9F00, received 0xF93F crcRejects=68 retransmits=0
16:39:11.494 [integration-zigbee-0] WARN  c.h.integration.zigbee.AshSession -- zigbee.ash_frame_rejected: CRC mismatch: computed 0x9587, received 0x2B02 crcRejects=69 retransmits=0
16:41:32.089 [integration-zigbee-0] WARN  c.h.integration.zigbee.AshSession -- zigbee.ash_frame_rejected: CRC mismatch: computed 0x60B0, received 0xDC58 crcRejects=70 retransmits=0
16:45:41.411 [integration-zigbee-0] WARN  c.h.integration.zigbee.AshSession -- zigbee.ash_frame_rejected: CRC mismatch: computed 0x3A72, received 0x18A8 crcRejects=71 retransmits=0
16:59:51.469 [integration-zigbee-0] WARN  c.h.integration.zigbee.AshSession -- zigbee.ash_frame_rejected: CRC mismatch: computed 0x4EB2, received 0x6C68 crcRejects=72 retransmits=0
17:13:21.662 [integration-zigbee-0] WARN  c.h.integration.zigbee.AshSession -- zigbee.ash_frame_rejected: CRC mismatch: computed 0xAE54, received 0x8C8E crcRejects=73 retransmits=0
17:22:49.372 [integration-zigbee-0] WARN  c.h.integration.zigbee.AshSession -- zigbee.ash_frame_rejected: CRC mismatch: computed 0xF523, received 0x931C crcRejects=74 retransmits=0
17:23:21.550 [hs-sub-automation_engine] INFO  c.h.automation.StandardRunManager -- automation.run_handoff: runId=01M3FSKTTCD4JXVWBSATTMEM1M automationId=01M2ZR8EG9FW8CYJP6SJ9DBBHE mode=admitted thread=automation-run-01M2ZR8EG9FW8CYJP6SJ9DBBHE-01M3FSKTTCD4JXVWBSATTMEM1M
17:23:21.550 [automation-run-01M2ZR8EG9FW8CYJP6SJ9DBBHE-01M3FSKTTCD4JXVWBSATTMEM1M] INFO  c.h.automation.StandardRunManager -- automation.run_body_entered: runId=01M3FSKTTCD4JXVWBSATTMEM1M automationId=01M2ZR8EG9FW8CYJP6SJ9DBBHE thread=automation-run-01M2ZR8EG9FW8CYJP6SJ9DBBHE-01M3FSKTTCD4JXVWBSATTMEM1M
17:23:21.550 [automation-run-01M2ZR8EG9FW8CYJP6SJ9DBBHE-01M3FSKTTCD4JXVWBSATTMEM1M] INFO  c.h.a.StandardActionExecutor -- automation.action_step_started: runId=01M3FSKTTCD4JXVWBSATTMEM1M automationId=01M2ZR8EG9FW8CYJP6SJ9DBBHE index=0 type=CommandAction
17:23:21.552 [automation-run-01M2ZR8EG9FW8CYJP6SJ9DBBHE-01M3FSKTTCD4JXVWBSATTMEM1M] INFO  c.h.a.StandardActionExecutor -- automation.action_step_started: runId=01M3FSKTTCD4JXVWBSATTMEM1M automationId=01M2ZR8EG9FW8CYJP6SJ9DBBHE index=1 type=DelayAction
17:23:27.554 [automation-run-01M2ZR8EG9FW8CYJP6SJ9DBBHE-01M3FSKTTCD4JXVWBSATTMEM1M] INFO  c.h.a.StandardActionExecutor -- automation.action_step_started: runId=01M3FSKTTCD4JXVWBSATTMEM1M automationId=01M2ZR8EG9FW8CYJP6SJ9DBBHE index=2 type=CommandAction
17:23:27.556 [automation-run-01M2ZR8EG9FW8CYJP6SJ9DBBHE-01M3FSKTTCD4JXVWBSATTMEM1M] INFO  c.h.a.StandardActionExecutor -- automation.action_step_started: runId=01M3FSKTTCD4JXVWBSATTMEM1M automationId=01M2ZR8EG9FW8CYJP6SJ9DBBHE index=3 type=DelayAction
17:23:33.558 [automation-run-01M2ZR8EG9FW8CYJP6SJ9DBBHE-01M3FSKTTCD4JXVWBSATTMEM1M] INFO  c.h.a.StandardActionExecutor -- automation.action_step_started: runId=01M3FSKTTCD4JXVWBSATTMEM1M automationId=01M2ZR8EG9FW8CYJP6SJ9DBBHE index=4 type=CommandAction
17:23:33.560 [automation-run-01M2ZR8EG9FW8CYJP6SJ9DBBHE-01M3FSKTTCD4JXVWBSATTMEM1M] INFO  c.h.a.StandardActionExecutor -- automation.action_step_started: runId=01M3FSKTTCD4JXVWBSATTMEM1M automationId=01M2ZR8EG9FW8CYJP6SJ9DBBHE index=5 type=DelayAction
17:23:35.561 [automation-run-01M2ZR8EG9FW8CYJP6SJ9DBBHE-01M3FSKTTCD4JXVWBSATTMEM1M] INFO  c.h.a.StandardActionExecutor -- automation.action_step_started: runId=01M3FSKTTCD4JXVWBSATTMEM1M automationId=01M2ZR8EG9FW8CYJP6SJ9DBBHE index=6 type=CommandAction
17:23:35.564 [automation-run-01M2ZR8EG9FW8CYJP6SJ9DBBHE-01M3FSKTTCD4JXVWBSATTMEM1M] INFO  c.h.a.StandardActionExecutor -- automation.action_step_started: runId=01M3FSKTTCD4JXVWBSATTMEM1M automationId=01M2ZR8EG9FW8CYJP6SJ9DBBHE index=7 type=DelayAction
17:23:55.566 [automation-run-01M2ZR8EG9FW8CYJP6SJ9DBBHE-01M3FSKTTCD4JXVWBSATTMEM1M] INFO  c.h.a.StandardActionExecutor -- automation.action_step_started: runId=01M3FSKTTCD4JXVWBSATTMEM1M automationId=01M2ZR8EG9FW8CYJP6SJ9DBBHE index=8 type=CommandAction
17:26:03.936 [integration-zigbee-0] WARN  c.h.integration.zigbee.AshSession -- zigbee.ash_frame_rejected: CRC mismatch: computed 0x12D6, received 0x5E0A crcRejects=75 retransmits=0
17:32:15.412 [hs-sub-automation_engine] INFO  c.h.automation.StandardRunManager -- automation.run_handoff: runId=01M3FT445KKX3RYEJ20SZREQNM automationId=01M2ZR8EG9FW8CYJP6SJ9DBBHE mode=admitted thread=automation-run-01M2ZR8EG9FW8CYJP6SJ9DBBHE-01M3FT445KKX3RYEJ20SZREQNM
17:32:15.413 [automation-run-01M2ZR8EG9FW8CYJP6SJ9DBBHE-01M3FT445KKX3RYEJ20SZREQNM] INFO  c.h.automation.StandardRunManager -- automation.run_body_entered: runId=01M3FT445KKX3RYEJ20SZREQNM automationId=01M2ZR8EG9FW8CYJP6SJ9DBBHE thread=automation-run-01M2ZR8EG9FW8CYJP6SJ9DBBHE-01M3FT445KKX3RYEJ20SZREQNM
17:32:15.413 [automation-run-01M2ZR8EG9FW8CYJP6SJ9DBBHE-01M3FT445KKX3RYEJ20SZREQNM] INFO  c.h.a.StandardActionExecutor -- automation.action_step_started: runId=01M3FT445KKX3RYEJ20SZREQNM automationId=01M2ZR8EG9FW8CYJP6SJ9DBBHE index=0 type=CommandAction
17:32:15.415 [automation-run-01M2ZR8EG9FW8CYJP6SJ9DBBHE-01M3FT445KKX3RYEJ20SZREQNM] INFO  c.h.a.StandardActionExecutor -- automation.action_step_started: runId=01M3FT445KKX3RYEJ20SZREQNM automationId=01M2ZR8EG9FW8CYJP6SJ9DBBHE index=1 type=DelayAction
17:32:21.416 [automation-run-01M2ZR8EG9FW8CYJP6SJ9DBBHE-01M3FT445KKX3RYEJ20SZREQNM] INFO  c.h.a.StandardActionExecutor -- automation.action_step_started: runId=01M3FT445KKX3RYEJ20SZREQNM automationId=01M2ZR8EG9FW8CYJP6SJ9DBBHE index=2 type=CommandAction
17:32:21.418 [automation-run-01M2ZR8EG9FW8CYJP6SJ9DBBHE-01M3FT445KKX3RYEJ20SZREQNM] INFO  c.h.a.StandardActionExecutor -- automation.action_step_started: runId=01M3FT445KKX3RYEJ20SZREQNM automationId=01M2ZR8EG9FW8CYJP6SJ9DBBHE index=3 type=DelayAction
17:32:27.420 [automation-run-01M2ZR8EG9FW8CYJP6SJ9DBBHE-01M3FT445KKX3RYEJ20SZREQNM] INFO  c.h.a.StandardActionExecutor -- automation.action_step_started: runId=01M3FT445KKX3RYEJ20SZREQNM automationId=01M2ZR8EG9FW8CYJP6SJ9DBBHE index=4 type=CommandAction
17:32:27.422 [automation-run-01M2ZR8EG9FW8CYJP6SJ9DBBHE-01M3FT445KKX3RYEJ20SZREQNM] INFO  c.h.a.StandardActionExecutor -- automation.action_step_started: runId=01M3FT445KKX3RYEJ20SZREQNM automationId=01M2ZR8EG9FW8CYJP6SJ9DBBHE index=5 type=DelayAction
17:32:29.424 [automation-run-01M2ZR8EG9FW8CYJP6SJ9DBBHE-01M3FT445KKX3RYEJ20SZREQNM] INFO  c.h.a.StandardActionExecutor -- automation.action_step_started: runId=01M3FT445KKX3RYEJ20SZREQNM automationId=01M2ZR8EG9FW8CYJP6SJ9DBBHE index=6 type=CommandAction
17:32:29.426 [automation-run-01M2ZR8EG9FW8CYJP6SJ9DBBHE-01M3FT445KKX3RYEJ20SZREQNM] INFO  c.h.a.StandardActionExecutor -- automation.action_step_started: runId=01M3FT445KKX3RYEJ20SZREQNM automationId=01M2ZR8EG9FW8CYJP6SJ9DBBHE index=7 type=DelayAction
17:32:49.428 [automation-run-01M2ZR8EG9FW8CYJP6SJ9DBBHE-01M3FT445KKX3RYEJ20SZREQNM] INFO  c.h.a.StandardActionExecutor -- automation.action_step_started: runId=01M3FT445KKX3RYEJ20SZREQNM automationId=01M2ZR8EG9FW8CYJP6SJ9DBBHE index=8 type=CommandAction
17:34:37.357 [integration-zigbee-0] WARN  c.h.integration.zigbee.AshSession -- zigbee.ash_frame_rejected: CRC mismatch: computed 0x6E0F, received 0xD08A crcRejects=76 retransmits=0
17:37:30.314 [integration-zigbee-0] WARN  c.h.integration.zigbee.AshSession -- zigbee.ash_frame_rejected: CRC mismatch: computed 0xC1DB, received 0x051E crcRejects=77 retransmits=0
17:41:25.623 [integration-zigbee-0] WARN  c.h.integration.zigbee.AshSession -- zigbee.ash_frame_rejected: CRC mismatch: computed 0x244B, received 0x9ACE crcRejects=78 retransmits=0
17:47:16.954 [hs-sub-automation_engine] INFO  c.h.automation.StandardRunManager -- automation.run_handoff: runId=01M3FTZMJSDS2CGF6T1HDBR67X automationId=01M2ZR8EG9FW8CYJP6SJ9DBBHE mode=admitted thread=automation-run-01M2ZR8EG9FW8CYJP6SJ9DBBHE-01M3FTZMJSDS2CGF6T1HDBR67X
17:47:16.954 [automation-run-01M2ZR8EG9FW8CYJP6SJ9DBBHE-01M3FTZMJSDS2CGF6T1HDBR67X] INFO  c.h.automation.StandardRunManager -- automation.run_body_entered: runId=01M3FTZMJSDS2CGF6T1HDBR67X automationId=01M2ZR8EG9FW8CYJP6SJ9DBBHE thread=automation-run-01M2ZR8EG9FW8CYJP6SJ9DBBHE-01M3FTZMJSDS2CGF6T1HDBR67X
17:47:16.955 [automation-run-01M2ZR8EG9FW8CYJP6SJ9DBBHE-01M3FTZMJSDS2CGF6T1HDBR67X] INFO  c.h.a.StandardActionExecutor -- automation.action_step_started: runId=01M3FTZMJSDS2CGF6T1HDBR67X automationId=01M2ZR8EG9FW8CYJP6SJ9DBBHE index=0 type=CommandAction
17:47:16.956 [automation-run-01M2ZR8EG9FW8CYJP6SJ9DBBHE-01M3FTZMJSDS2CGF6T1HDBR67X] INFO  c.h.a.StandardActionExecutor -- automation.action_step_started: runId=01M3FTZMJSDS2CGF6T1HDBR67X automationId=01M2ZR8EG9FW8CYJP6SJ9DBBHE index=1 type=DelayAction
17:47:22.958 [automation-run-01M2ZR8EG9FW8CYJP6SJ9DBBHE-01M3FTZMJSDS2CGF6T1HDBR67X] INFO  c.h.a.StandardActionExecutor -- automation.action_step_started: runId=01M3FTZMJSDS2CGF6T1HDBR67X automationId=01M2ZR8EG9FW8CYJP6SJ9DBBHE index=2 type=CommandAction
17:47:22.960 [automation-run-01M2ZR8EG9FW8CYJP6SJ9DBBHE-01M3FTZMJSDS2CGF6T1HDBR67X] INFO  c.h.a.StandardActionExecutor -- automation.action_step_started: runId=01M3FTZMJSDS2CGF6T1HDBR67X automationId=01M2ZR8EG9FW8CYJP6SJ9DBBHE index=3 type=DelayAction
17:47:28.962 [automation-run-01M2ZR8EG9FW8CYJP6SJ9DBBHE-01M3FTZMJSDS2CGF6T1HDBR67X] INFO  c.h.a.StandardActionExecutor -- automation.action_step_started: runId=01M3FTZMJSDS2CGF6T1HDBR67X automationId=01M2ZR8EG9FW8CYJP6SJ9DBBHE index=4 type=CommandAction
17:47:28.964 [automation-run-01M2ZR8EG9FW8CYJP6SJ9DBBHE-01M3FTZMJSDS2CGF6T1HDBR67X] INFO  c.h.a.StandardActionExecutor -- automation.action_step_started: runId=01M3FTZMJSDS2CGF6T1HDBR67X automationId=01M2ZR8EG9FW8CYJP6SJ9DBBHE index=5 type=DelayAction
17:47:30.966 [automation-run-01M2ZR8EG9FW8CYJP6SJ9DBBHE-01M3FTZMJSDS2CGF6T1HDBR67X] INFO  c.h.a.StandardActionExecutor -- automation.action_step_started: runId=01M3FTZMJSDS2CGF6T1HDBR67X automationId=01M2ZR8EG9FW8CYJP6SJ9DBBHE index=6 type=CommandAction
17:47:30.968 [automation-run-01M2ZR8EG9FW8CYJP6SJ9DBBHE-01M3FTZMJSDS2CGF6T1HDBR67X] INFO  c.h.a.StandardActionExecutor -- automation.action_step_started: runId=01M3FTZMJSDS2CGF6T1HDBR67X automationId=01M2ZR8EG9FW8CYJP6SJ9DBBHE index=7 type=DelayAction
17:47:50.969 [automation-run-01M2ZR8EG9FW8CYJP6SJ9DBBHE-01M3FTZMJSDS2CGF6T1HDBR67X] INFO  c.h.a.StandardActionExecutor -- automation.action_step_started: runId=01M3FTZMJSDS2CGF6T1HDBR67X automationId=01M2ZR8EG9FW8CYJP6SJ9DBBHE index=8 type=CommandAction
17:48:40.780 [hs-sub-automation_engine] INFO  c.h.automation.StandardRunManager -- automation.run_handoff: runId=01M3FV26EBXFQQAFHQ4JBK8YRR automationId=01M2ZR8EG9FW8CYJP6SJ9DBBHE mode=admitted thread=automation-run-01M2ZR8EG9FW8CYJP6SJ9DBBHE-01M3FV26EBXFQQAFHQ4JBK8YRR
17:48:40.780 [automation-run-01M2ZR8EG9FW8CYJP6SJ9DBBHE-01M3FV26EBXFQQAFHQ4JBK8YRR] INFO  c.h.automation.StandardRunManager -- automation.run_body_entered: runId=01M3FV26EBXFQQAFHQ4JBK8YRR automationId=01M2ZR8EG9FW8CYJP6SJ9DBBHE thread=automation-run-01M2ZR8EG9FW8CYJP6SJ9DBBHE-01M3FV26EBXFQQAFHQ4JBK8YRR
17:48:40.781 [automation-run-01M2ZR8EG9FW8CYJP6SJ9DBBHE-01M3FV26EBXFQQAFHQ4JBK8YRR] INFO  c.h.a.StandardActionExecutor -- automation.action_step_started: runId=01M3FV26EBXFQQAFHQ4JBK8YRR automationId=01M2ZR8EG9FW8CYJP6SJ9DBBHE index=0 type=CommandAction
17:48:40.782 [automation-run-01M2ZR8EG9FW8CYJP6SJ9DBBHE-01M3FV26EBXFQQAFHQ4JBK8YRR] INFO  c.h.a.StandardActionExecutor -- automation.action_step_started: runId=01M3FV26EBXFQQAFHQ4JBK8YRR automationId=01M2ZR8EG9FW8CYJP6SJ9DBBHE index=1 type=DelayAction
17:48:46.784 [automation-run-01M2ZR8EG9FW8CYJP6SJ9DBBHE-01M3FV26EBXFQQAFHQ4JBK8YRR] INFO  c.h.a.StandardActionExecutor -- automation.action_step_started: runId=01M3FV26EBXFQQAFHQ4JBK8YRR automationId=01M2ZR8EG9FW8CYJP6SJ9DBBHE index=2 type=CommandAction
17:48:46.786 [automation-run-01M2ZR8EG9FW8CYJP6SJ9DBBHE-01M3FV26EBXFQQAFHQ4JBK8YRR] INFO  c.h.a.StandardActionExecutor -- automation.action_step_started: runId=01M3FV26EBXFQQAFHQ4JBK8YRR automationId=01M2ZR8EG9FW8CYJP6SJ9DBBHE index=3 type=DelayAction
17:48:52.788 [automation-run-01M2ZR8EG9FW8CYJP6SJ9DBBHE-01M3FV26EBXFQQAFHQ4JBK8YRR] INFO  c.h.a.StandardActionExecutor -- automation.action_step_started: runId=01M3FV26EBXFQQAFHQ4JBK8YRR automationId=01M2ZR8EG9FW8CYJP6SJ9DBBHE index=4 type=CommandAction
17:48:52.790 [automation-run-01M2ZR8EG9FW8CYJP6SJ9DBBHE-01M3FV26EBXFQQAFHQ4JBK8YRR] INFO  c.h.a.StandardActionExecutor -- automation.action_step_started: runId=01M3FV26EBXFQQAFHQ4JBK8YRR automationId=01M2ZR8EG9FW8CYJP6SJ9DBBHE index=5 type=DelayAction
17:48:54.792 [automation-run-01M2ZR8EG9FW8CYJP6SJ9DBBHE-01M3FV26EBXFQQAFHQ4JBK8YRR] INFO  c.h.a.StandardActionExecutor -- automation.action_step_started: runId=01M3FV26EBXFQQAFHQ4JBK8YRR automationId=01M2ZR8EG9FW8CYJP6SJ9DBBHE index=6 type=CommandAction
17:48:54.793 [automation-run-01M2ZR8EG9FW8CYJP6SJ9DBBHE-01M3FV26EBXFQQAFHQ4JBK8YRR] INFO  c.h.a.StandardActionExecutor -- automation.action_step_started: runId=01M3FV26EBXFQQAFHQ4JBK8YRR automationId=01M2ZR8EG9FW8CYJP6SJ9DBBHE index=7 type=DelayAction
17:49:14.795 [automation-run-01M2ZR8EG9FW8CYJP6SJ9DBBHE-01M3FV26EBXFQQAFHQ4JBK8YRR] INFO  c.h.a.StandardActionExecutor -- automation.action_step_started: runId=01M3FV26EBXFQQAFHQ4JBK8YRR automationId=01M2ZR8EG9FW8CYJP6SJ9DBBHE index=8 type=CommandAction
17:58:53.088 [hs-sub-automation_engine] INFO  c.h.automation.StandardRunManager -- automation.run_handoff: runId=01M3FVMWCZ392D5P56C32XQ2NG automationId=01M2ZR8EG9FW8CYJP6SJ9DBBHE mode=admitted thread=automation-run-01M2ZR8EG9FW8CYJP6SJ9DBBHE-01M3FVMWCZ392D5P56C32XQ2NG
17:58:53.088 [automation-run-01M2ZR8EG9FW8CYJP6SJ9DBBHE-01M3FVMWCZ392D5P56C32XQ2NG] INFO  c.h.automation.StandardRunManager -- automation.run_body_entered: runId=01M3FVMWCZ392D5P56C32XQ2NG automationId=01M2ZR8EG9FW8CYJP6SJ9DBBHE thread=automation-run-01M2ZR8EG9FW8CYJP6SJ9DBBHE-01M3FVMWCZ392D5P56C32XQ2NG
17:58:53.089 [automation-run-01M2ZR8EG9FW8CYJP6SJ9DBBHE-01M3FVMWCZ392D5P56C32XQ2NG] INFO  c.h.a.StandardActionExecutor -- automation.action_step_started: runId=01M3FVMWCZ392D5P56C32XQ2NG automationId=01M2ZR8EG9FW8CYJP6SJ9DBBHE index=0 type=CommandAction
17:58:53.090 [automation-run-01M2ZR8EG9FW8CYJP6SJ9DBBHE-01M3FVMWCZ392D5P56C32XQ2NG] INFO  c.h.a.StandardActionExecutor -- automation.action_step_started: runId=01M3FVMWCZ392D5P56C32XQ2NG automationId=01M2ZR8EG9FW8CYJP6SJ9DBBHE index=1 type=DelayAction
17:58:59.093 [automation-run-01M2ZR8EG9FW8CYJP6SJ9DBBHE-01M3FVMWCZ392D5P56C32XQ2NG] INFO  c.h.a.StandardActionExecutor -- automation.action_step_started: runId=01M3FVMWCZ392D5P56C32XQ2NG automationId=01M2ZR8EG9FW8CYJP6SJ9DBBHE index=2 type=CommandAction
17:58:59.094 [automation-run-01M2ZR8EG9FW8CYJP6SJ9DBBHE-01M3FVMWCZ392D5P56C32XQ2NG] INFO  c.h.a.StandardActionExecutor -- automation.action_step_started: runId=01M3FVMWCZ392D5P56C32XQ2NG automationId=01M2ZR8EG9FW8CYJP6SJ9DBBHE index=3 type=DelayAction
17:59:05.096 [automation-run-01M2ZR8EG9FW8CYJP6SJ9DBBHE-01M3FVMWCZ392D5P56C32XQ2NG] INFO  c.h.a.StandardActionExecutor -- automation.action_step_started: runId=01M3FVMWCZ392D5P56C32XQ2NG automationId=01M2ZR8EG9FW8CYJP6SJ9DBBHE index=4 type=CommandAction
17:59:05.098 [automation-run-01M2ZR8EG9FW8CYJP6SJ9DBBHE-01M3FVMWCZ392D5P56C32XQ2NG] INFO  c.h.a.StandardActionExecutor -- automation.action_step_started: runId=01M3FVMWCZ392D5P56C32XQ2NG automationId=01M2ZR8EG9FW8CYJP6SJ9DBBHE index=5 type=DelayAction
17:59:07.100 [automation-run-01M2ZR8EG9FW8CYJP6SJ9DBBHE-01M3FVMWCZ392D5P56C32XQ2NG] INFO  c.h.a.StandardActionExecutor -- automation.action_step_started: runId=01M3FVMWCZ392D5P56C32XQ2NG automationId=01M2ZR8EG9FW8CYJP6SJ9DBBHE index=6 type=CommandAction
17:59:07.102 [automation-run-01M2ZR8EG9FW8CYJP6SJ9DBBHE-01M3FVMWCZ392D5P56C32XQ2NG] INFO  c.h.a.StandardActionExecutor -- automation.action_step_started: runId=01M3FVMWCZ392D5P56C32XQ2NG automationId=01M2ZR8EG9FW8CYJP6SJ9DBBHE index=7 type=DelayAction
17:59:27.104 [automation-run-01M2ZR8EG9FW8CYJP6SJ9DBBHE-01M3FVMWCZ392D5P56C32XQ2NG] INFO  c.h.a.StandardActionExecutor -- automation.action_step_started: runId=01M3FVMWCZ392D5P56C32XQ2NG automationId=01M2ZR8EG9FW8CYJP6SJ9DBBHE index=8 type=CommandAction
18:04:06.535 [integration-zigbee-0] WARN  c.h.integration.zigbee.AshSession -- zigbee.ash_frame_rejected: CRC mismatch: computed 0xE2C7, received 0xC01D crcRejects=79 retransmits=0
18:11:48.557 [hs-sub-automation_engine] INFO  c.h.automation.StandardRunManager -- automation.run_handoff: runId=01M3FWCHPB0SPMYVGSNVT9XJZ1 automationId=01M2ZR8EG9FW8CYJP6SJ9DBBHE mode=admitted thread=automation-run-01M2ZR8EG9FW8CYJP6SJ9DBBHE-01M3FWCHPB0SPMYVGSNVT9XJZ1
18:11:48.557 [automation-run-01M2ZR8EG9FW8CYJP6SJ9DBBHE-01M3FWCHPB0SPMYVGSNVT9XJZ1] INFO  c.h.automation.StandardRunManager -- automation.run_body_entered: runId=01M3FWCHPB0SPMYVGSNVT9XJZ1 automationId=01M2ZR8EG9FW8CYJP6SJ9DBBHE thread=automation-run-01M2ZR8EG9FW8CYJP6SJ9DBBHE-01M3FWCHPB0SPMYVGSNVT9XJZ1
18:11:48.557 [automation-run-01M2ZR8EG9FW8CYJP6SJ9DBBHE-01M3FWCHPB0SPMYVGSNVT9XJZ1] INFO  c.h.a.StandardActionExecutor -- automation.action_step_started: runId=01M3FWCHPB0SPMYVGSNVT9XJZ1 automationId=01M2ZR8EG9FW8CYJP6SJ9DBBHE index=0 type=CommandAction
18:11:48.559 [automation-run-01M2ZR8EG9FW8CYJP6SJ9DBBHE-01M3FWCHPB0SPMYVGSNVT9XJZ1] INFO  c.h.a.StandardActionExecutor -- automation.action_step_started: runId=01M3FWCHPB0SPMYVGSNVT9XJZ1 automationId=01M2ZR8EG9FW8CYJP6SJ9DBBHE index=1 type=DelayAction
18:11:54.561 [automation-run-01M2ZR8EG9FW8CYJP6SJ9DBBHE-01M3FWCHPB0SPMYVGSNVT9XJZ1] INFO  c.h.a.StandardActionExecutor -- automation.action_step_started: runId=01M3FWCHPB0SPMYVGSNVT9XJZ1 automationId=01M2ZR8EG9FW8CYJP6SJ9DBBHE index=2 type=CommandAction
18:11:54.562 [automation-run-01M2ZR8EG9FW8CYJP6SJ9DBBHE-01M3FWCHPB0SPMYVGSNVT9XJZ1] INFO  c.h.a.StandardActionExecutor -- automation.action_step_started: runId=01M3FWCHPB0SPMYVGSNVT9XJZ1 automationId=01M2ZR8EG9FW8CYJP6SJ9DBBHE index=3 type=DelayAction
18:12:00.564 [automation-run-01M2ZR8EG9FW8CYJP6SJ9DBBHE-01M3FWCHPB0SPMYVGSNVT9XJZ1] INFO  c.h.a.StandardActionExecutor -- automation.action_step_started: runId=01M3FWCHPB0SPMYVGSNVT9XJZ1 automationId=01M2ZR8EG9FW8CYJP6SJ9DBBHE index=4 type=CommandAction
18:12:00.566 [automation-run-01M2ZR8EG9FW8CYJP6SJ9DBBHE-01M3FWCHPB0SPMYVGSNVT9XJZ1] INFO  c.h.a.StandardActionExecutor -- automation.action_step_started: runId=01M3FWCHPB0SPMYVGSNVT9XJZ1 automationId=01M2ZR8EG9FW8CYJP6SJ9DBBHE index=5 type=DelayAction
18:12:02.568 [automation-run-01M2ZR8EG9FW8CYJP6SJ9DBBHE-01M3FWCHPB0SPMYVGSNVT9XJZ1] INFO  c.h.a.StandardActionExecutor -- automation.action_step_started: runId=01M3FWCHPB0SPMYVGSNVT9XJZ1 automationId=01M2ZR8EG9FW8CYJP6SJ9DBBHE index=6 type=CommandAction
18:12:02.677 [automation-run-01M2ZR8EG9FW8CYJP6SJ9DBBHE-01M3FWCHPB0SPMYVGSNVT9XJZ1] INFO  c.h.a.StandardActionExecutor -- automation.action_step_started: runId=01M3FWCHPB0SPMYVGSNVT9XJZ1 automationId=01M2ZR8EG9FW8CYJP6SJ9DBBHE index=7 type=DelayAction
18:12:22.682 [automation-run-01M2ZR8EG9FW8CYJP6SJ9DBBHE-01M3FWCHPB0SPMYVGSNVT9XJZ1] INFO  c.h.a.StandardActionExecutor -- automation.action_step_started: runId=01M3FWCHPB0SPMYVGSNVT9XJZ1 automationId=01M2ZR8EG9FW8CYJP6SJ9DBBHE index=8 type=CommandAction
18:16:07.675 [hs-sub-automation_engine] INFO  c.h.automation.StandardRunManager -- automation.run_handoff: runId=01M3FWMEQSXGF8XV78N6TTVYF9 automationId=01M2ZR8EG9FW8CYJP6SJ9DBBHE mode=admitted thread=automation-run-01M2ZR8EG9FW8CYJP6SJ9DBBHE-01M3FWMEQSXGF8XV78N6TTVYF9
18:16:07.675 [automation-run-01M2ZR8EG9FW8CYJP6SJ9DBBHE-01M3FWMEQSXGF8XV78N6TTVYF9] INFO  c.h.automation.StandardRunManager -- automation.run_body_entered: runId=01M3FWMEQSXGF8XV78N6TTVYF9 automationId=01M2ZR8EG9FW8CYJP6SJ9DBBHE thread=automation-run-01M2ZR8EG9FW8CYJP6SJ9DBBHE-01M3FWMEQSXGF8XV78N6TTVYF9
18:16:07.675 [automation-run-01M2ZR8EG9FW8CYJP6SJ9DBBHE-01M3FWMEQSXGF8XV78N6TTVYF9] INFO  c.h.a.StandardActionExecutor -- automation.action_step_started: runId=01M3FWMEQSXGF8XV78N6TTVYF9 automationId=01M2ZR8EG9FW8CYJP6SJ9DBBHE index=0 type=CommandAction
18:16:07.677 [automation-run-01M2ZR8EG9FW8CYJP6SJ9DBBHE-01M3FWMEQSXGF8XV78N6TTVYF9] INFO  c.h.a.StandardActionExecutor -- automation.action_step_started: runId=01M3FWMEQSXGF8XV78N6TTVYF9 automationId=01M2ZR8EG9FW8CYJP6SJ9DBBHE index=1 type=DelayAction
18:16:13.679 [automation-run-01M2ZR8EG9FW8CYJP6SJ9DBBHE-01M3FWMEQSXGF8XV78N6TTVYF9] INFO  c.h.a.StandardActionExecutor -- automation.action_step_started: runId=01M3FWMEQSXGF8XV78N6TTVYF9 automationId=01M2ZR8EG9FW8CYJP6SJ9DBBHE index=2 type=CommandAction
18:16:13.681 [automation-run-01M2ZR8EG9FW8CYJP6SJ9DBBHE-01M3FWMEQSXGF8XV78N6TTVYF9] INFO  c.h.a.StandardActionExecutor -- automation.action_step_started: runId=01M3FWMEQSXGF8XV78N6TTVYF9 automationId=01M2ZR8EG9FW8CYJP6SJ9DBBHE index=3 type=DelayAction
18:16:19.683 [automation-run-01M2ZR8EG9FW8CYJP6SJ9DBBHE-01M3FWMEQSXGF8XV78N6TTVYF9] INFO  c.h.a.StandardActionExecutor -- automation.action_step_started: runId=01M3FWMEQSXGF8XV78N6TTVYF9 automationId=01M2ZR8EG9FW8CYJP6SJ9DBBHE index=4 type=CommandAction
18:16:19.685 [automation-run-01M2ZR8EG9FW8CYJP6SJ9DBBHE-01M3FWMEQSXGF8XV78N6TTVYF9] INFO  c.h.a.StandardActionExecutor -- automation.action_step_started: runId=01M3FWMEQSXGF8XV78N6TTVYF9 automationId=01M2ZR8EG9FW8CYJP6SJ9DBBHE index=5 type=DelayAction
18:16:21.687 [automation-run-01M2ZR8EG9FW8CYJP6SJ9DBBHE-01M3FWMEQSXGF8XV78N6TTVYF9] INFO  c.h.a.StandardActionExecutor -- automation.action_step_started: runId=01M3FWMEQSXGF8XV78N6TTVYF9 automationId=01M2ZR8EG9FW8CYJP6SJ9DBBHE index=6 type=CommandAction
18:16:21.689 [automation-run-01M2ZR8EG9FW8CYJP6SJ9DBBHE-01M3FWMEQSXGF8XV78N6TTVYF9] INFO  c.h.a.StandardActionExecutor -- automation.action_step_started: runId=01M3FWMEQSXGF8XV78N6TTVYF9 automationId=01M2ZR8EG9FW8CYJP6SJ9DBBHE index=7 type=DelayAction
18:16:41.691 [automation-run-01M2ZR8EG9FW8CYJP6SJ9DBBHE-01M3FWMEQSXGF8XV78N6TTVYF9] INFO  c.h.a.StandardActionExecutor -- automation.action_step_started: runId=01M3FWMEQSXGF8XV78N6TTVYF9 automationId=01M2ZR8EG9FW8CYJP6SJ9DBBHE index=8 type=CommandAction
18:27:24.603 [hs-sub-automation_engine] INFO  c.h.automation.StandardRunManager -- automation.run_handoff: runId=01M3FX93STD09ZJERD2J710GMB automationId=01M2ZR8EG9FW8CYJP6SJ9DBBHE mode=admitted thread=automation-run-01M2ZR8EG9FW8CYJP6SJ9DBBHE-01M3FX93STD09ZJERD2J710GMB
18:27:24.603 [automation-run-01M2ZR8EG9FW8CYJP6SJ9DBBHE-01M3FX93STD09ZJERD2J710GMB] INFO  c.h.automation.StandardRunManager -- automation.run_body_entered: runId=01M3FX93STD09ZJERD2J710GMB automationId=01M2ZR8EG9FW8CYJP6SJ9DBBHE thread=automation-run-01M2ZR8EG9FW8CYJP6SJ9DBBHE-01M3FX93STD09ZJERD2J710GMB
18:27:24.604 [automation-run-01M2ZR8EG9FW8CYJP6SJ9DBBHE-01M3FX93STD09ZJERD2J710GMB] INFO  c.h.a.StandardActionExecutor -- automation.action_step_started: runId=01M3FX93STD09ZJERD2J710GMB automationId=01M2ZR8EG9FW8CYJP6SJ9DBBHE index=0 type=CommandAction
18:27:24.605 [automation-run-01M2ZR8EG9FW8CYJP6SJ9DBBHE-01M3FX93STD09ZJERD2J710GMB] INFO  c.h.a.StandardActionExecutor -- automation.action_step_started: runId=01M3FX93STD09ZJERD2J710GMB automationId=01M2ZR8EG9FW8CYJP6SJ9DBBHE index=1 type=DelayAction
18:27:30.607 [automation-run-01M2ZR8EG9FW8CYJP6SJ9DBBHE-01M3FX93STD09ZJERD2J710GMB] INFO  c.h.a.StandardActionExecutor -- automation.action_step_started: runId=01M3FX93STD09ZJERD2J710GMB automationId=01M2ZR8EG9FW8CYJP6SJ9DBBHE index=2 type=CommandAction
18:27:30.609 [automation-run-01M2ZR8EG9FW8CYJP6SJ9DBBHE-01M3FX93STD09ZJERD2J710GMB] INFO  c.h.a.StandardActionExecutor -- automation.action_step_started: runId=01M3FX93STD09ZJERD2J710GMB automationId=01M2ZR8EG9FW8CYJP6SJ9DBBHE index=3 type=DelayAction
18:27:36.611 [automation-run-01M2ZR8EG9FW8CYJP6SJ9DBBHE-01M3FX93STD09ZJERD2J710GMB] INFO  c.h.a.StandardActionExecutor -- automation.action_step_started: runId=01M3FX93STD09ZJERD2J710GMB automationId=01M2ZR8EG9FW8CYJP6SJ9DBBHE index=4 type=CommandAction
18:27:36.613 [automation-run-01M2ZR8EG9FW8CYJP6SJ9DBBHE-01M3FX93STD09ZJERD2J710GMB] INFO  c.h.a.StandardActionExecutor -- automation.action_step_started: runId=01M3FX93STD09ZJERD2J710GMB automationId=01M2ZR8EG9FW8CYJP6SJ9DBBHE index=5 type=DelayAction
18:27:38.615 [automation-run-01M2ZR8EG9FW8CYJP6SJ9DBBHE-01M3FX93STD09ZJERD2J710GMB] INFO  c.h.a.StandardActionExecutor -- automation.action_step_started: runId=01M3FX93STD09ZJERD2J710GMB automationId=01M2ZR8EG9FW8CYJP6SJ9DBBHE index=6 type=CommandAction
18:27:38.617 [automation-run-01M2ZR8EG9FW8CYJP6SJ9DBBHE-01M3FX93STD09ZJERD2J710GMB] INFO  c.h.a.StandardActionExecutor -- automation.action_step_started: runId=01M3FX93STD09ZJERD2J710GMB automationId=01M2ZR8EG9FW8CYJP6SJ9DBBHE index=7 type=DelayAction
18:27:58.619 [automation-run-01M2ZR8EG9FW8CYJP6SJ9DBBHE-01M3FX93STD09ZJERD2J710GMB] INFO  c.h.a.StandardActionExecutor -- automation.action_step_started: runId=01M3FX93STD09ZJERD2J710GMB automationId=01M2ZR8EG9FW8CYJP6SJ9DBBHE index=8 type=CommandAction
18:29:37.045 [integration-zigbee-0] WARN  c.h.integration.zigbee.AshSession -- zigbee.ash_frame_rejected: CRC mismatch: computed 0x3EE3, received 0x7273 crcRejects=80 retransmits=0
18:31:40.986 [hs-sub-automation_engine] INFO  c.h.automation.StandardRunManager -- automation.run_handoff: runId=01M3FXGY5SYSVGQTZBGZF50XV5 automationId=01M2ZR8EG9FW8CYJP6SJ9DBBHE mode=admitted thread=automation-run-01M2ZR8EG9FW8CYJP6SJ9DBBHE-01M3FXGY5SYSVGQTZBGZF50XV5
18:31:40.987 [automation-run-01M2ZR8EG9FW8CYJP6SJ9DBBHE-01M3FXGY5SYSVGQTZBGZF50XV5] INFO  c.h.automation.StandardRunManager -- automation.run_body_entered: runId=01M3FXGY5SYSVGQTZBGZF50XV5 automationId=01M2ZR8EG9FW8CYJP6SJ9DBBHE thread=automation-run-01M2ZR8EG9FW8CYJP6SJ9DBBHE-01M3FXGY5SYSVGQTZBGZF50XV5
18:31:40.987 [automation-run-01M2ZR8EG9FW8CYJP6SJ9DBBHE-01M3FXGY5SYSVGQTZBGZF50XV5] INFO  c.h.a.StandardActionExecutor -- automation.action_step_started: runId=01M3FXGY5SYSVGQTZBGZF50XV5 automationId=01M2ZR8EG9FW8CYJP6SJ9DBBHE index=0 type=CommandAction
18:31:40.989 [automation-run-01M2ZR8EG9FW8CYJP6SJ9DBBHE-01M3FXGY5SYSVGQTZBGZF50XV5] INFO  c.h.a.StandardActionExecutor -- automation.action_step_started: runId=01M3FXGY5SYSVGQTZBGZF50XV5 automationId=01M2ZR8EG9FW8CYJP6SJ9DBBHE index=1 type=DelayAction
18:31:46.991 [automation-run-01M2ZR8EG9FW8CYJP6SJ9DBBHE-01M3FXGY5SYSVGQTZBGZF50XV5] INFO  c.h.a.StandardActionExecutor -- automation.action_step_started: runId=01M3FXGY5SYSVGQTZBGZF50XV5 automationId=01M2ZR8EG9FW8CYJP6SJ9DBBHE index=2 type=CommandAction
18:31:46.993 [automation-run-01M2ZR8EG9FW8CYJP6SJ9DBBHE-01M3FXGY5SYSVGQTZBGZF50XV5] INFO  c.h.a.StandardActionExecutor -- automation.action_step_started: runId=01M3FXGY5SYSVGQTZBGZF50XV5 automationId=01M2ZR8EG9FW8CYJP6SJ9DBBHE index=3 type=DelayAction
18:31:52.995 [automation-run-01M2ZR8EG9FW8CYJP6SJ9DBBHE-01M3FXGY5SYSVGQTZBGZF50XV5] INFO  c.h.a.StandardActionExecutor -- automation.action_step_started: runId=01M3FXGY5SYSVGQTZBGZF50XV5 automationId=01M2ZR8EG9FW8CYJP6SJ9DBBHE index=4 type=CommandAction
18:31:52.996 [automation-run-01M2ZR8EG9FW8CYJP6SJ9DBBHE-01M3FXGY5SYSVGQTZBGZF50XV5] INFO  c.h.a.StandardActionExecutor -- automation.action_step_started: runId=01M3FXGY5SYSVGQTZBGZF50XV5 automationId=01M2ZR8EG9FW8CYJP6SJ9DBBHE index=5 type=DelayAction
18:31:54.998 [automation-run-01M2ZR8EG9FW8CYJP6SJ9DBBHE-01M3FXGY5SYSVGQTZBGZF50XV5] INFO  c.h.a.StandardActionExecutor -- automation.action_step_started: runId=01M3FXGY5SYSVGQTZBGZF50XV5 automationId=01M2ZR8EG9FW8CYJP6SJ9DBBHE index=6 type=CommandAction
18:31:55.000 [automation-run-01M2ZR8EG9FW8CYJP6SJ9DBBHE-01M3FXGY5SYSVGQTZBGZF50XV5] INFO  c.h.a.StandardActionExecutor -- automation.action_step_started: runId=01M3FXGY5SYSVGQTZBGZF50XV5 automationId=01M2ZR8EG9FW8CYJP6SJ9DBBHE index=7 type=DelayAction
18:32:15.002 [automation-run-01M2ZR8EG9FW8CYJP6SJ9DBBHE-01M3FXGY5SYSVGQTZBGZF50XV5] INFO  c.h.a.StandardActionExecutor -- automation.action_step_started: runId=01M3FXGY5SYSVGQTZBGZF50XV5 automationId=01M2ZR8EG9FW8CYJP6SJ9DBBHE index=8 type=CommandAction
18:32:20.079 [integration-zigbee-0] WARN  c.h.integration.zigbee.AshSession -- zigbee.ash_frame_rejected: CRC mismatch: computed 0x9211, received 0xDE81 crcRejects=81 retransmits=0
18:43:20.855 [integration-zigbee-0] WARN  c.h.integration.zigbee.AshSession -- zigbee.ash_frame_rejected: CRC mismatch: computed 0xACA7, received 0x3901 crcRejects=82 retransmits=0
18:46:55.796 [hs-sub-automation_engine] INFO  c.h.automation.StandardRunManager -- automation.run_handoff: runId=01M3FYCVHK9DCMYB69YR9XYF1G automationId=01M2ZR8EG9FW8CYJP6SJ9DBBHE mode=admitted thread=automation-run-01M2ZR8EG9FW8CYJP6SJ9DBBHE-01M3FYCVHK9DCMYB69YR9XYF1G
18:46:55.797 [automation-run-01M2ZR8EG9FW8CYJP6SJ9DBBHE-01M3FYCVHK9DCMYB69YR9XYF1G] INFO  c.h.automation.StandardRunManager -- automation.run_body_entered: runId=01M3FYCVHK9DCMYB69YR9XYF1G automationId=01M2ZR8EG9FW8CYJP6SJ9DBBHE thread=automation-run-01M2ZR8EG9FW8CYJP6SJ9DBBHE-01M3FYCVHK9DCMYB69YR9XYF1G
18:46:55.797 [automation-run-01M2ZR8EG9FW8CYJP6SJ9DBBHE-01M3FYCVHK9DCMYB69YR9XYF1G] INFO  c.h.a.StandardActionExecutor -- automation.action_step_started: runId=01M3FYCVHK9DCMYB69YR9XYF1G automationId=01M2ZR8EG9FW8CYJP6SJ9DBBHE index=0 type=CommandAction
18:46:55.799 [automation-run-01M2ZR8EG9FW8CYJP6SJ9DBBHE-01M3FYCVHK9DCMYB69YR9XYF1G] INFO  c.h.a.StandardActionExecutor -- automation.action_step_started: runId=01M3FYCVHK9DCMYB69YR9XYF1G automationId=01M2ZR8EG9FW8CYJP6SJ9DBBHE index=1 type=DelayAction
18:47:01.801 [automation-run-01M2ZR8EG9FW8CYJP6SJ9DBBHE-01M3FYCVHK9DCMYB69YR9XYF1G] INFO  c.h.a.StandardActionExecutor -- automation.action_step_started: runId=01M3FYCVHK9DCMYB69YR9XYF1G automationId=01M2ZR8EG9FW8CYJP6SJ9DBBHE index=2 type=CommandAction
18:47:01.802 [automation-run-01M2ZR8EG9FW8CYJP6SJ9DBBHE-01M3FYCVHK9DCMYB69YR9XYF1G] INFO  c.h.a.StandardActionExecutor -- automation.action_step_started: runId=01M3FYCVHK9DCMYB69YR9XYF1G automationId=01M2ZR8EG9FW8CYJP6SJ9DBBHE index=3 type=DelayAction
18:47:07.804 [automation-run-01M2ZR8EG9FW8CYJP6SJ9DBBHE-01M3FYCVHK9DCMYB69YR9XYF1G] INFO  c.h.a.StandardActionExecutor -- automation.action_step_started: runId=01M3FYCVHK9DCMYB69YR9XYF1G automationId=01M2ZR8EG9FW8CYJP6SJ9DBBHE index=4 type=CommandAction
18:47:07.806 [automation-run-01M2ZR8EG9FW8CYJP6SJ9DBBHE-01M3FYCVHK9DCMYB69YR9XYF1G] INFO  c.h.a.StandardActionExecutor -- automation.action_step_started: runId=01M3FYCVHK9DCMYB69YR9XYF1G automationId=01M2ZR8EG9FW8CYJP6SJ9DBBHE index=5 type=DelayAction
18:47:09.808 [automation-run-01M2ZR8EG9FW8CYJP6SJ9DBBHE-01M3FYCVHK9DCMYB69YR9XYF1G] INFO  c.h.a.StandardActionExecutor -- automation.action_step_started: runId=01M3FYCVHK9DCMYB69YR9XYF1G automationId=01M2ZR8EG9FW8CYJP6SJ9DBBHE index=6 type=CommandAction
18:47:09.810 [automation-run-01M2ZR8EG9FW8CYJP6SJ9DBBHE-01M3FYCVHK9DCMYB69YR9XYF1G] INFO  c.h.a.StandardActionExecutor -- automation.action_step_started: runId=01M3FYCVHK9DCMYB69YR9XYF1G automationId=01M2ZR8EG9FW8CYJP6SJ9DBBHE index=7 type=DelayAction
18:47:29.811 [automation-run-01M2ZR8EG9FW8CYJP6SJ9DBBHE-01M3FYCVHK9DCMYB69YR9XYF1G] INFO  c.h.a.StandardActionExecutor -- automation.action_step_started: runId=01M3FYCVHK9DCMYB69YR9XYF1G automationId=01M2ZR8EG9FW8CYJP6SJ9DBBHE index=8 type=CommandAction
